Component: ARM Compiler 5.06 update 6 (build 750) Tool: armlink [4d35ed]

==============================================================================

Section Cross References

    main.o(i.SysTick_Handler) refers to irq.o(i.ky_interrupt_enter) for ky_interrupt_enter
    main.o(i.SysTick_Handler) refers to clock.o(i.ky_tick_increase) for ky_tick_increase
    main.o(i.SysTick_Handler) refers to irq.o(i.ky_interrupt_leave) for ky_interrupt_leave
    main.o(i.main) refers to components.o(i.kythread_startup) for kythread_startup
    main.o(i.main) refers to thread.o(i.ky_thread_init) for ky_thread_init
    main.o(i.main) refers to thread.o(i.ky_thread_startup) for ky_thread_startup
    main.o(i.main) refers to scheduler.o(i.ky_system_schedule_start) for ky_system_schedule_start
    main.o(i.main) refers to main.o(.bss) for ky_test1_thread_stack
    main.o(i.main) refers to main.o(i.test1_thread_entry) for test1_thread_entry
    main.o(i.main) refers to main.o(i.test2_thread_entry) for test2_thread_entry
    main.o(i.test1_thread_entry) refers to stm32f10x_gpio.o(i.GPIO_SetBits) for GPIO_SetBits
    main.o(i.test1_thread_entry) refers to thread.o(i.ky_thread_delay_s) for ky_thread_delay_s
    main.o(i.test1_thread_entry) refers to stm32f10x_gpio.o(i.GPIO_ResetBits) for GPIO_ResetBits
    main.o(i.test1_thread_entry) refers to main.o(.data) for flag1
    main.o(i.test2_thread_entry) refers to stm32f10x_gpio.o(i.GPIO_SetBits) for GPIO_SetBits
    main.o(i.test2_thread_entry) refers to thread.o(i.ky_thread_delay_ms) for ky_thread_delay_ms
    main.o(i.test2_thread_entry) refers to stm32f10x_gpio.o(i.GPIO_ResetBits) for GPIO_ResetBits
    main.o(i.test2_thread_entry) refers to main.o(.data) for flag2
    system_stm32f10x.o(i.SetSysClock) refers to system_stm32f10x.o(i.SetSysClockTo72) for SetSysClockTo72
    system_stm32f10x.o(i.SystemCoreClockUpdate) refers to system_stm32f10x.o(.data) for SystemCoreClock
    system_stm32f10x.o(i.SystemInit) refers to system_stm32f10x.o(i.SetSysClock) for SetSysClock
    startup_stm32f10x_md.o(STACK) refers (Special) to heapauxi.o(.text) for __use_two_region_memory
    startup_stm32f10x_md.o(HEAP) refers (Special) to heapauxi.o(.text) for __use_two_region_memory
    startup_stm32f10x_md.o(RESET) refers (Special) to heapauxi.o(.text) for __use_two_region_memory
    startup_stm32f10x_md.o(RESET) refers to startup_stm32f10x_md.o(STACK) for __initial_sp
    startup_stm32f10x_md.o(RESET) refers to startup_stm32f10x_md.o(.text) for Reset_Handler
    startup_stm32f10x_md.o(RESET) refers to stm32f10x_it.o(i.NMI_Handler) for NMI_Handler
    startup_stm32f10x_md.o(RESET) refers to stm32f10x_it.o(i.HardFault_Handler) for HardFault_Handler
    startup_stm32f10x_md.o(RESET) refers to stm32f10x_it.o(i.MemManage_Handler) for MemManage_Handler
    startup_stm32f10x_md.o(RESET) refers to stm32f10x_it.o(i.BusFault_Handler) for BusFault_Handler
    startup_stm32f10x_md.o(RESET) refers to stm32f10x_it.o(i.UsageFault_Handler) for UsageFault_Handler
    startup_stm32f10x_md.o(RESET) refers to stm32f10x_it.o(i.SVC_Handler) for SVC_Handler
    startup_stm32f10x_md.o(RESET) refers to stm32f10x_it.o(i.DebugMon_Handler) for DebugMon_Handler
    startup_stm32f10x_md.o(RESET) refers to context_rvds.o(.text) for PendSV_Handler
    startup_stm32f10x_md.o(RESET) refers to main.o(i.SysTick_Handler) for SysTick_Handler
    startup_stm32f10x_md.o(RESET) refers to usart.o(i.USART1_IRQHandler) for USART1_IRQHandler
    startup_stm32f10x_md.o(.text) refers (Special) to heapauxi.o(.text) for __use_two_region_memory
    startup_stm32f10x_md.o(.text) refers to system_stm32f10x.o(i.SystemInit) for SystemInit
    startup_stm32f10x_md.o(.text) refers to __main.o(!!!main) for __main
    startup_stm32f10x_md.o(.text) refers to startup_stm32f10x_md.o(HEAP) for Heap_Mem
    startup_stm32f10x_md.o(.text) refers to startup_stm32f10x_md.o(STACK) for Stack_Mem
    stm32f10x_adc.o(i.ADC_DeInit) refers to stm32f10x_rcc.o(i.RCC_APB2PeriphResetCmd) for RCC_APB2PeriphResetCmd
    stm32f10x_bkp.o(i.BKP_DeInit) refers to stm32f10x_rcc.o(i.RCC_BackupResetCmd) for RCC_BackupResetCmd
    stm32f10x_can.o(i.CAN_DeInit) refers to stm32f10x_rcc.o(i.RCC_APB1PeriphResetCmd) for RCC_APB1PeriphResetCmd
    stm32f10x_can.o(i.CAN_GetITStatus) refers to stm32f10x_can.o(i.CheckITStatus) for CheckITStatus
    stm32f10x_cec.o(i.CEC_DeInit) refers to stm32f10x_rcc.o(i.RCC_APB1PeriphResetCmd) for RCC_APB1PeriphResetCmd
    stm32f10x_dac.o(i.DAC_DeInit) refers to stm32f10x_rcc.o(i.RCC_APB1PeriphResetCmd) for RCC_APB1PeriphResetCmd
    stm32f10x_flash.o(i.FLASH_EnableWriteProtection) refers to stm32f10x_flash.o(i.FLASH_WaitForLastOperation) for FLASH_WaitForLastOperation
    stm32f10x_flash.o(i.FLASH_EraseAllBank1Pages) refers to stm32f10x_flash.o(i.FLASH_WaitForLastBank1Operation) for FLASH_WaitForLastBank1Operation
    stm32f10x_flash.o(i.FLASH_EraseAllPages) refers to stm32f10x_flash.o(i.FLASH_WaitForLastOperation) for FLASH_WaitForLastOperation
[...]
    Removing stm32f10x_tim.o(i.TIM_CCPreloadControl), (24 bytes).
    Removing stm32f10x_tim.o(i.TIM_CCxCmd), (30 bytes).
    Removing stm32f10x_tim.o(i.TIM_CCxNCmd), (30 bytes).
    Removing stm32f10x_tim.o(i.TIM_ClearFlag), (6 bytes).
    Removing stm32f10x_tim.o(i.TIM_ClearITPendingBit), (6 bytes).
    Removing stm32f10x_tim.o(i.TIM_ClearOC1Ref), (18 bytes).
    Removing stm32f10x_tim.o(i.TIM_ClearOC2Ref), (24 bytes).
    Removing stm32f10x_tim.o(i.TIM_ClearOC3Ref), (18 bytes).
    Removing stm32f10x_tim.o(i.TIM_ClearOC4Ref), (24 bytes).
    Removing stm32f10x_tim.o(i.TIM_Cmd), (24 bytes).
    Removing stm32f10x_tim.o(i.TIM_CounterModeConfig), (18 bytes).
    Removing stm32f10x_tim.o(i.TIM_CtrlPWMOutputs), (30 bytes).
    Removing stm32f10x_tim.o(i.TIM_DMACmd), (18 bytes).
    Removing stm32f10x_tim.o(i.TIM_DMAConfig), (10 bytes).
    Removing stm32f10x_tim.o(i.TIM_DeInit), (488 bytes).
    Removing stm32f10x_tim.o(i.TIM_ETRClockMode1Config), (54 bytes).
    Removing stm32f10x_tim.o(i.TIM_ETRClockMode2Config), (32 bytes).
    Removing stm32f10x_tim.o(i.TIM_ETRConfig), (28 bytes).
    Removing stm32f10x_tim.o(i.TIM_EncoderInterfaceConfig), (66 bytes).
    Removing stm32f10x_tim.o(i.TIM_ForcedOC1Config), (18 bytes).
    Removing stm32f10x_tim.o(i.TIM_ForcedOC2Config), (26 bytes).
    Removing stm32f10x_tim.o(i.TIM_ForcedOC3Config), (18 bytes).
    Removing stm32f10x_tim.o(i.TIM_ForcedOC4Config), (26 bytes).
    Removing stm32f10x_tim.o(i.TIM_GenerateEvent), (4 bytes).
    Removing stm32f10x_tim.o(i.TIM_GetCapture1), (6 bytes).
    Removing stm32f10x_tim.o(i.TIM_GetCapture2), (6 bytes).
    Removing stm32f10x_tim.o(i.TIM_GetCapture3), (6 bytes).
    Removing stm32f10x_tim.o(i.TIM_GetCapture4), (8 bytes).
    Removing stm32f10x_tim.o(i.TIM_GetCounter), (6 bytes).
    Removing stm32f10x_tim.o(i.TIM_GetFlagStatus), (18 bytes).
    Removing stm32f10x_tim.o(i.TIM_GetITStatus), (34 bytes).
    Removing stm32f10x_tim.o(i.TIM_GetPrescaler), (6 bytes).
    Removing stm32f10x_tim.o(i.TIM_ICInit), (172 bytes).
    Removing stm32f10x_tim.o(i.TIM_ICStructInit), (18 bytes).
    Removing stm32f10x_tim.o(i.TIM_ITConfig), (18 bytes).
    Removing stm32f10x_tim.o(i.TIM_ITRxExternalClockConfig), (24 bytes).
    Removing stm32f10x_tim.o(i.TIM_InternalClockConfig), (12 bytes).
    Removing stm32f10x_tim.o(i.TIM_OC1FastConfig), (18 bytes).
    Removing stm32f10x_tim.o(i.TIM_OC1Init), (152 bytes).
    Removing stm32f10x_tim.o(i.TIM_OC1NPolarityConfig), (18 bytes).
    Removing stm32f10x_tim.o(i.TIM_OC1PolarityConfig), (18 bytes).
    Removing stm32f10x_tim.o(i.TIM_OC1PreloadConfig), (18 bytes).
    Removing stm32f10x_tim.o(i.TIM_OC2FastConfig), (26 bytes).
    Removing stm32f10x_tim.o(i.TIM_OC2Init), (164 bytes).
    Removing stm32f10x_tim.o(i.TIM_OC2NPolarityConfig), (26 bytes).
    Removing stm32f10x_tim.o(i.TIM_OC2PolarityConfig), (26 bytes).
    Removing stm32f10x_tim.o(i.TIM_OC2PreloadConfig), (26 bytes).
    Removing stm32f10x_tim.o(i.TIM_OC3FastConfig), (18 bytes).
    Removing stm32f10x_tim.o(i.TIM_OC3Init), (160 bytes).
    Removing stm32f10x_tim.o(i.TIM_OC3NPolarityConfig), (26 bytes).
    Removing stm32f10x_tim.o(i.TIM_OC3PolarityConfig), (26 bytes).
    Removing stm32f10x_tim.o(i.TIM_OC3PreloadConfig), (18 bytes).
    Removing stm32f10x_tim.o(i.TIM_OC4FastConfig), (26 bytes).
    Removing stm32f10x_tim.o(i.TIM_OC4Init), (124 bytes).
    Removing stm32f10x_tim.o(i.TIM_OC4PolarityConfig), (26 bytes).
    Removing stm32f10x_tim.o(i.TIM_OC4PreloadConfig), (26 bytes).
    Removing stm32f10x_tim.o(i.TIM_OCStructInit), (20 bytes).
    Removing stm32f10x_tim.o(i.TIM_PWMIConfig), (124 bytes).
    Removing stm32f10x_tim.o(i.TIM_PrescalerConfig), (6 bytes).
    Removing stm32f10x_tim.o(i.TIM_SelectCCDMA), (24 bytes).
    Removing stm32f10x_tim.o(i.TIM_SelectCOM), (24 bytes).
    Removing stm32f10x_tim.o(i.TIM_SelectHallSensor), (24 bytes).
    Removing stm32f10x_tim.o(i.TIM_SelectInputTrigger), (18 bytes).
    Removing stm32f10x_tim.o(i.TIM_SelectMasterSlaveMode), (18 bytes).
    Removing stm32f10x_tim.o(i.TIM_SelectOCxM), (82 bytes).
    Removing stm32f10x_tim.o(i.TIM_SelectOnePulseMode), (18 bytes).
    Removing stm32f10x_tim.o(i.TIM_SelectOutputTrigger), (18 bytes).
    Removing stm32f10x_tim.o(i.TIM_SelectSlaveMode), (18 bytes).
    Removing stm32f10x_tim.o(i.TIM_SetAutoreload), (4 bytes).
    Removing stm32f10x_tim.o(i.TIM_SetClockDivision), (18 bytes).
    Removing stm32f10x_tim.o(i.TIM_SetCompare1), (4 bytes).
    Removing stm32f10x_tim.o(i.TIM_SetCompare2), (4 bytes).
    Removing stm32f10x_tim.o(i.TIM_SetCompare3), (4 bytes).
    Removing stm32f10x_tim.o(i.TIM_SetCompare4), (6 bytes).
    Removing stm32f10x_tim.o(i.TIM_SetCounter), (4 bytes).
    Removing stm32f10x_tim.o(i.TIM_SetIC1Prescaler), (18 bytes).
    Removing stm32f10x_tim.o(i.TIM_SetIC2Prescaler), (26 bytes).
    Removing stm32f10x_tim.o(i.TIM_SetIC3Prescaler), (18 bytes).
    Removing stm32f10x_tim.o(i.TIM_SetIC4Prescaler), (26 bytes).
    Removing stm32f10x_tim.o(i.TIM_TIxExternalClockConfig), (62 bytes).
    Removing stm32f10x_tim.o(i.TIM_TimeBaseInit), (164 bytes).
    Removing stm32f10x_tim.o(i.TIM_TimeBaseStructInit), (18 bytes).
    Removing stm32f10x_tim.o(i.TIM_UpdateDisableConfig), (24 bytes).
    Removing stm32f10x_tim.o(i.TIM_UpdateRequestConfig), (24 bytes).
    Removing stm32f10x_usart.o(i.USART_ClearFlag), (18 bytes).
    Removing stm32f10x_usart.o(i.USART_ClearITPendingBit), (30 bytes).
    Removing stm32f10x_usart.o(i.USART_ClockInit), (34 bytes).
    Removing stm32f10x_usart.o(i.USART_ClockStructInit), (12 bytes).
    Removing stm32f10x_usart.o(i.USART_DMACmd), (18 bytes).
    Removing stm32f10x_usart.o(i.USART_DeInit), (156 bytes).
    Removing stm32f10x_usart.o(i.USART_HalfDuplexCmd), (24 bytes).
    Removing stm32f10x_usart.o(i.USART_ITConfig), (74 bytes).
    Removing stm32f10x_usart.o(i.USART_IrDACmd), (24 bytes).
    Removing stm32f10x_usart.o(i.USART_IrDAConfig), (18 bytes).
    Removing stm32f10x_usart.o(i.USART_LINBreakDetectLengthConfig), (18 bytes).
    Removing stm32f10x_usart.o(i.USART_LINCmd), (24 bytes).
    Removing stm32f10x_usart.o(i.USART_OneBitMethodCmd), (24 bytes).
    Removing stm32f10x_usart.o(i.USART_OverSampling8Cmd), (22 bytes).
    Removing stm32f10x_usart.o(i.USART_ReceiverWakeUpCmd), (24 bytes).
    Removing stm32f10x_usart.o(i.USART_SendBreak), (10 bytes).
    Removing stm32f10x_usart.o(i.USART_SendData), (8 bytes).
    Removing stm32f10x_usart.o(i.USART_SetAddress), (18 bytes).
    Removing stm32f10x_usart.o(i.USART_SetGuardTime), (16 bytes).
    Removing stm32f10x_usart.o(i.USART_SetPrescaler), (16 bytes).
    Removing stm32f10x_usart.o(i.USART_SmartCardCmd), (24 bytes).
    Removing stm32f10x_usart.o(i.USART_SmartCardNACKCmd), (24 bytes).
    Removing stm32f10x_usart.o(i.USART_StructInit), (24 bytes).
    Removing stm32f10x_usart.o(i.USART_WakeUpConfig), (18 bytes).
    Removing stm32f10x_wwdg.o(i.WWDG_ClearFlag), (12 bytes).
    Removing stm32f10x_wwdg.o(i.WWDG_DeInit), (22 bytes).
    Removing stm32f10x_wwdg.o(i.WWDG_Enable), (16 bytes).
    Removing stm32f10x_wwdg.o(i.WWDG_EnableIT), (12 bytes).
    Removing stm32f10x_wwdg.o(i.WWDG_GetFlagStatus), (12 bytes).
    Removing stm32f10x_wwdg.o(i.WWDG_SetCounter), (16 bytes).
    Removing stm32f10x_wwdg.o(i.WWDG_SetPrescaler), (24 bytes).
    Removing stm32f10x_wwdg.o(i.WWDG_SetWindowValue), (40 bytes).
    Removing delay.o(i.delay_init), (68 bytes).
    Removing delay.o(i.delay_ms), (76 bytes).
    Removing delay.o(i.delay_us), (76 bytes).
    Removing delay.o(.data), (4 bytes).
    Removing sys.o(.emb_text), (6 bytes).
    Removing sys.o(i.INTX_DISABLE), (4 bytes).
    Removing sys.o(i.INTX_ENABLE), (4 bytes).
    Removing sys.o(i.WFI_SET), (4 bytes).
    Removing object.o(i.ky_object_get_information), (40 bytes).
    Removing object.o(i.ky_object_init), (70 bytes).
    Removing object.o(.data), (32 bytes).
    Removing kservice.o(i.ky_strncpy), (52 bytes).

476 unused section(s) (total 18918 bytes) removed from the image.

==============================================================================

Image Symbol Table

    Local Symbols

    Symbol Name                              Value     Ov Type        Size  Object(Section)

    ../clib/angel/boardlib.s                 0x00000000   Number         0  boardshut.o ABSOLUTE
    ../clib/angel/boardlib.s                 0x00000000   Number         0  boardinit3.o ABSOLUTE
    ../clib/angel/boardlib.s                 0x00000000   Number         0  boardinit2.o ABSOLUTE
    ../clib/angel/boardlib.s                 0x00000000   Number         0  boardinit1.o ABSOLUTE
    ../clib/angel/handlers.s                 0x00000000   Number         0  __scatter_copy.o ABSOLUTE
    ../clib/angel/handlers.s                 0x00000000   Number         0  __scatter_zi.o ABSOLUTE
    ../clib/angel/kernel.s                   0x00000000   Number         0  __rtentry.o ABSOLUTE
    ../clib/angel/kernel.s                   0x00000000   Number         0  rtexit2.o ABSOLUTE
    ../clib/angel/kernel.s                   0x00000000   Number         0  rtexit.o ABSOLUTE
    ../clib/angel/kernel.s                   0x00000000   Number         0  __rtentry2.o ABSOLUTE
    ../clib/angel/kernel.s                   0x00000000   Number         0  __rtentry4.o ABSOLUTE
    ../clib/angel/rt.s                       0x00000000   Number         0  rt_raise.o ABSOLUTE
    ../clib/angel/scatter.s                  0x00000000   Number         0  __scatter.o ABSOLUTE
    ../clib/angel/startup.s                  0x00000000   Number         0  __main.o ABSOLUTE
    ../clib/angel/sys.s                      0x00000000   Number         0  libspace.o ABSOLUTE
    ../clib/angel/sys.s                      0x00000000   Number         0  use_no_semi_2.o ABSOLUTE
    ../clib/angel/sys.s                      0x00000000   Number         0  indicate_semi.o ABSOLUTE
    ../clib/angel/sys.s                      0x00000000   Number         0  use_no_semi.o ABSOLUTE
    ../clib/angel/sys.s                      0x00000000   Number         0  sys_stackheap_outer.o ABSOLUTE
    ../clib/angel/sysapp.c                   0x00000000   Number         0  sys_wrch.o ABSOLUTE
    ../clib/angel/sysapp.c                   0x00000000   Number         0  sys_command.o ABSOLUTE
    ../clib/armsys.c                         0x00000000   Number         0  argv_veneer.o ABSOLUTE
    ../clib/armsys.c                         0x00000000   Number         0  _get_argv_nomalloc.o ABSOLUTE
    ../clib/armsys.c                         0x00000000   Number         0  argv_veneer.o ABSOLUTE
    ../clib/armsys.c                         0x00000000   Number         0  no_argv.o ABSOLUTE
    ../clib/heapalloc.c                      0x00000000   Number         0  hrguard.o ABSOLUTE
    ../clib/heapaux.c                        0x00000000   Number         0  heapauxi.o ABSOLUTE
    ../clib/libinit.s                        0x00000000   Number         0  libinit2.o ABSOLUTE
    ../clib/libinit.s                        0x00000000   Number         0  libinit.o ABSOLUTE
    ../clib/libinit.s                        0x00000000   Number         0  libshutdown.o ABSOLUTE
    ../clib/libinit.s                        0x00000000   Number         0  libshutdown2.o ABSOLUTE
    ../clib/memcpset.s                       0x00000000   Number         0  rt_memclr_w.o ABSOLUTE
    ../clib/memcpset.s                       0x00000000   Number         0  rt_memclr.o ABSOLUTE
    ../clib/printf.c                         0x00000000   Number         0  noretval__2printf.o ABSOLUTE
    ../clib/printf.c                         0x00000000   Number         0  __2printf.o ABSOLUTE
    ../clib/printf.c                         0x00000000   Number         0  __printf_nopercent.o ABSOLUTE
    ../clib/printf.c                         0x00000000   Number         0  _printf_dec.o ABSOLUTE
    ../clib/printf.c                         0x00000000   Number         0  _printf_char.o ABSOLUTE
    ../clib/printf.c                         0x00000000   Number         0  _printf_char_common.o ABSOLUTE
    ../clib/printf.c                         0x00000000   Number         0  __printf_flags_ss_wp.o ABSOLUTE
    ../clib/printf.c                         0x00000000   Number         0  __printf_ss_wp.o ABSOLUTE
    ../clib/printf.c                         0x00000000   Number         0  __printf_flags_wp.o ABSOLUTE
    ../clib/printf.c                         0x00000000   Number         0  __printf_wp.o ABSOLUTE
    ../clib/printf.c                         0x00000000   Number         0  __printf_flags_ss.o ABSOLUTE
    ../clib/printf.c                         0x00000000   Number         0  _printf_char_file.o ABSOLUTE
    ../clib/printf.c                         0x00000000   Number         0  __printf_ss.o ABSOLUTE
    ../clib/printf.c                         0x00000000   Number         0  _printf_intcommon.o ABSOLUTE
    ../clib/printf.c                         0x00000000   Number         0  __printf_flags.o ABSOLUTE
    ../clib/printf.c                         0x00000000   Number         0  _printf_str.o ABSOLUTE
    ../clib/printf.c                         0x00000000   Number         0  __printf.o ABSOLUTE
    ../clib/printf_percent.s                 0x00000000   Number         0  _printf_percent_end.o ABSOLUTE
    ../clib/printf_percent.s                 0x00000000   Number         0  _printf_s.o ABSOLUTE
    ../clib/printf_percent.s                 0x00000000   Number         0  _printf_percent.o ABSOLUTE
    ../clib/printf_percent.s                 0x00000000   Number         0  _printf_d.o ABSOLUTE
    ../clib/printf_percent.s                 0x00000000   Number         0  _printf_c.o ABSOLUTE
    ../clib/signal.c                         0x00000000   Number         0  defsig_rtmem_outer.o ABSOLUTE
    ../clib/signal.c                         0x00000000   Number         0  defsig_other.o ABSOLUTE
    ../clib/signal.c                         0x00000000   Number         0  defsig_rtmem_inner.o ABSOLUTE
    ../clib/signal.c                         0x00000000   Number         0  defsig_rtmem_formal.o ABSOLUTE
    ../clib/signal.c                         0x00000000   Number         0  defsig_exit.o ABSOLUTE
    ../clib/signal.c                         0x00000000   Number         0  __raise.o ABSOLUTE
    ../clib/signal.c                         0x00000000   Number         0  defsig_general.o ABSOLUTE
    ../clib/signal.c                         0x00000000   Number         0  defsig_abrt_inner.o ABSOLUTE
    ../clib/signal.c                         0x00000000   Number         0  defsig_fpe_inner.o ABSOLUTE
    ../clib/signal.c                         0x00000000   Number         0  defsig_stak_inner.o ABSOLUTE
    ../clib/signal.c                         0x00000000   Number         0  defsig_rtred_inner.o ABSOLUTE
    ../clib/signal.c                         0x00000000   Number         0  defsig_pvfn_inner.o ABSOLUTE
    ../clib/signal.c                         0x00000000   Number         0  defsig_cppl_inner.o ABSOLUTE
    ../clib/signal.c                         0x00000000   Number         0  defsig_segv_inner.o ABSOLUTE
    ../clib/signal.s                         0x00000000   Number         0  defsig.o ABSOLUTE
    ../clib/stdio.c                          0x00000000   Number         0  ferror_locked.o ABSOLUTE
    ../clib/stdio.c                          0x00000000   Number         0  ferror.o ABSOLUTE
    ../clib/stdlib.c                         0x00000000   Number         0  exit.o ABSOLUTE
    ../fplib/fflt.s                          0x00000000   Number         0  fflt_clz.o ABSOLUTE
    ../fplib/fpinit.s                        0x00000000   Number         0  fpinit.o ABSOLUTE
    ../fplib/usenofp.s                       0x00000000   Number         0  usenofp.o ABSOLUTE
    ..\CORE\core_cm3.c                       0x00000000   Number         0  core_cm3.o ABSOLUTE
    ..\CORE\startup_stm32f10x_md.s           0x00000000   Number         0  startup_stm32f10x_md.o ABSOLUTE
    ..\Hardware\led.c                        0x00000000   Number         0  led.o ABSOLUTE
    ..\STM32F10x_FWLib\src\misc.c            0x00000000   Number         0  misc.o ABSOLUTE
    ..\STM32F10x_FWLib\src\stm32f10x_adc.c   0x00000000   Number         0  stm32f10x_adc.o ABSOLUTE
    ..\STM32F10x_FWLib\src\stm32f10x_bkp.c   0x00000000   Number         0  stm32f10x_bkp.o ABSOLUTE
    ..\STM32F10x_FWLib\src\stm32f10x_can.c   0x00000000   Number         0  stm32f10x_can.o ABSOLUTE
    ..\STM32F10x_FWLib\src\stm32f10x_cec.c   0x00000000   Number         0  stm32f10x_cec.o ABSOLUTE
    ..\STM32F10x_FWLib\src\stm32f10x_crc.c   0x00000000   Number         0  stm32f10x_crc.o ABSOLUTE
    ..\STM32F10x_FWLib\src\stm32f10x_dac.c   0x00000000   Number         0  stm32f10x_dac.o ABSOLUTE
    ..\STM32F10x_FWLib\src\stm32f10x_dbgmcu.c 0x00000000   Number         0  stm32f10x_dbgmcu.o ABSOLUTE
    ..\STM32F10x_FWLib\src\stm32f10x_dma.c   0x00000000   Number         0  stm32f10x_dma.o ABSOLUTE
    ..\STM32F10x_FWLib\src\stm32f10x_exti.c  0x00000000   Number         0  stm32f10x_exti.o ABSOLUTE
    ..\STM32F10x_FWLib\src\stm32f10x_flash.c 0x00000000   Number         0  stm32f10x_flash.o ABSOLUTE
    ..\STM32F10x_FWLib\src\stm32f10x_fsmc.c  0x00000000   Number         0  stm32f10x_fsmc.o ABSOLUTE
    ..\STM32F10x_FWLib\src\stm32f10x_gpio.c  0x00000000   Number         0  stm32f10x_gpio.o ABSOLUTE
    ..\STM32F10x_FWLib\src\stm32f10x_i2c.c   0x00000000   Number         0  stm32f10x_i2c.o ABSOLUTE
    ..\STM32F10x_FWLib\src\stm32f10x_iwdg.c  0x00000000   Number         0  stm32f10x_iwdg.o ABSOLUTE
    ..\STM32F10x_FWLib\src\stm32f10x_pwr.c   0x00000000   Number         0  stm32f10x_pwr.o ABSOLUTE
    ..\STM32F10x_FWLib\src\stm32f10x_rcc.c   0x00000000   Number         0  stm32f10x_rcc.o ABSOLUTE
    ..\STM32F10x_FWLib\src\stm32f10x_rtc.c   0x00000000   Number         0  stm32f10x_rtc.o ABSOLUTE
    ..\STM32F10x_FWLib\src\stm32f10x_sdio.c  0x00000000   Number         0  stm32f10x_sdio.o ABSOLUTE
    ..\STM32F10x_FWLib\src\stm32f10x_spi.c   0x00000000   Number         0  stm32f10x_spi.o ABSOLUTE
    ..\STM32F10x_FWLib\src\stm32f10x_tim.c   0x00000000   Number         0  stm32f10x_tim.o ABSOLUTE
    ..\STM32F10x_FWLib\src\stm32f10x_usart.c 0x00000000   Number         0  stm32f10x_usart.o ABSOLUTE
    ..\STM32F10x_FWLib\src\stm32f10x_wwdg.c  0x00000000   Number         0  stm32f10x_wwdg.o ABSOLUTE
    ..\SYSTEM\delay\delay.c                  0x00000000   Number         0  delay.o ABSOLUTE
    ..\SYSTEM\sys\sys.c                      0x00000000   Number         0  sys.o ABSOLUTE
    ..\SYSTEM\usart\usart.c                  0x00000000   Number         0  usart.o ABSOLUTE
    ..\\CORE\\core_cm3.c                     0x00000000   Number         0  core_cm3.o ABSOLUTE
    ..\\SYSTEM\\sys\\sys.c                   0x00000000   Number         0  sys.o ABSOLUTE
    ..\ky-thread\components\shell\cmd.c      0x00000000   Number         0  cmd.o ABSOLUTE
    ..\ky-thread\components\shell\shell.c    0x00000000   Number         0  shell.o ABSOLUTE
    ..\ky-thread\libcpu\Cotex-M3\context_rvds.s 0x00000000   Number         0  context_rvds.o ABSOLUTE
    ..\ky-thread\libcpu\Cotex-M3\hw_settings.c 0x00000000   Number         0  hw_settings.o ABSOLUTE
    ..\ky-thread\src\clock.c                 0x00000000   Number         0  clock.o ABSOLUTE
    ..\ky-thread\src\components.c            0x00000000   Number         0  components.o ABSOLUTE
    ..\ky-thread\src\idle.c                  0x00000000   Number         0  idle.o ABSOLUTE
    ..\ky-thread\src\irq.c                   0x00000000   Number         0  irq.o ABSOLUTE
    ..\ky-thread\src\kservice.c              0x00000000   Number         0  kservice.o ABSOLUTE
    ..\ky-thread\src\object.c                0x00000000   Number         0  object.o ABSOLUTE
    ..\ky-thread\src\scheduler.c             0x00000000   Number         0  scheduler.o ABSOLUTE
    ..\ky-thread\src\thread.c                0x00000000   Number         0  thread.o ABSOLUTE
    ..\ky-thread\src\timer.c                 0x00000000   Number         0  timer.o ABSOLUTE
    dc.s                                     0x00000000   Number         0  dc.o ABSOLUTE
    main.c                                   0x00000000   Number         0  main.o ABSOLUTE
    stm32f10x_it.c                           0x00000000   Number         0  stm32f10x_it.o ABSOLUTE
    system_stm32f10x.c                       0x00000000   Number         0  system_stm32f10x.o ABSOLUTE
    RESET                                    0x08000000   Section      236  startup_stm32f10x_md.o(RESET)
    !!!main                                  0x080000ec   Section        8  __main.o(!!!main)
    !!!scatter                               0x080000f4   Section       52  __scatter.o(!!!scatter)
    !!handler_copy                           0x08000128   Section       26  __scatter_copy.o(!!handler_copy)
    !!handler_zi                             0x08000144   Section       28  __scatter_zi.o(!!handler_zi)
    .ARM.Collect$$_printf_percent$$00000000  0x08000160   Section        0  _printf_percent.o(.ARM.Collect$$_printf_percent$$00000000)
    .ARM.Collect$$_printf_percent$$00000009  0x08000160   Section        6  _printf_d.o(.ARM.Collect$$_printf_percent$$00000009)
    .ARM.Collect$$_printf_percent$$00000013  0x08000166   Section        6  _printf_c.o(.ARM.Collect$$_printf_percent$$00000013)
    .ARM.Collect$$_printf_percent$$00000014  0x0800016c   Section        6  _printf_s.o(.ARM.Collect$$_printf_percent$$00000014)
    .ARM.Collect$$_printf_percent$$00000017  0x08000172   Section        4  _printf_percent_end.o(.ARM.Collect$$_printf_percent$$00000017)
    .ARM.Collect$$libinit$$00000000          0x08000176   Section        2  libinit.o(.ARM.Collect$$libinit$$00000000)
    .ARM.Collect$$libinit$$00000002          0x08000178   Section        0  libinit2.o(.ARM.Collect$$libinit$$00000002)
    .ARM.Collect$$libinit$$00000004          0x08000178   Section        0  libinit2.o(.ARM.Collect$$libinit$$00000004)
    .ARM.Collect$$libinit$$0000000A          0x08000178   Section        0  libinit2.o(.ARM.Collect$$libinit$$0000000A)
    .ARM.Collect$$libinit$$0000000C          0x08000178   Section        0  libinit2.o(.ARM.Collect$$libinit$$0000000C)
    .ARM.Collect$$libinit$$0000000E          0x08000178   Section        0  libinit2.o(.ARM.Collect$$libinit$$0000000E)
    .ARM.Collect$$libinit$$00000011          0x08000178   Section        0  libinit2.o(.ARM.Collect$$libinit$$00000011)
    .ARM.Collect$$libinit$$00000013          0x08000178   Section        0  libinit2.o(.ARM.Collect$$libinit$$00000013)
    .ARM.Collect$$libinit$$00000015          0x08000178   Section        0  libinit2.o(.ARM.Collect$$libinit$$00000015)
    .ARM.Collect$$libinit$$00000017          0x08000178   Section        0  libinit2.o(.ARM.Collect$$libinit$$00000017)
    .ARM.Collect$$libinit$$00000019          0x08000178   Section        0  libinit2.o(.ARM.Collect$$libinit$$00000019)
    .ARM.Collect$$libinit$$0000001B          0x08000178   Section        0  libinit2.o(.ARM.Collect$$libinit$$0000001B)
    .ARM.Collect$$libinit$$0000001D          0x08000178   Section        0  libinit2.o(.ARM.Collect$$libinit$$0000001D)
    .ARM.Collect$$libinit$$0000001F          0x08000178   Section        0  libinit2.o(.ARM.Collect$$libinit$$0000001F)
    .ARM.Collect$$libinit$$00000021          0x08000178   Section        0  libinit2.o(.ARM.Collect$$libinit$$00000021)
    .ARM.Collect$$libinit$$00000023          0x08000178   Section        0  libinit2.o(.ARM.Collect$$libinit$$00000023)
    .ARM.Collect$$libinit$$00000025          0x08000178   Section        0  libinit2.o(.ARM.Collect$$libinit$$00000025)
    .ARM.Collect$$libinit$$0000002C          0x08000178   Section        0  libinit2.o(.ARM.Collect$$libinit$$0000002C)
    .ARM.Collect$$libinit$$0000002E          0x08000178   Section        0  libinit2.o(.ARM.Collect$$libinit$$0000002E)
    .ARM.Collect$$libinit$$00000030          0x08000178   Section        0  libinit2.o(.ARM.Collect$$libinit$$00000030)
    .ARM.Collect$$libinit$$00000032          0x08000178   Section        0  libinit2.o(.ARM.Collect$$libinit$$00000032)
    .ARM.Collect$$libinit$$00000033          0x08000178   Section        2  libinit2.o(.ARM.Collect$$libinit$$00000033)
    .ARM.Collect$$libshutdown$$00000000      0x0800017a   Section        2  libshutdown.o(.ARM.Collect$$libshutdown$$00000000)
    .ARM.Collect$$libshutdown$$00000002      0x0800017c   Section        0  libshutdown2.o(.ARM.Collect$$libshutdown$$00000002)
    .ARM.Collect$$libshutdown$$00000004      0x0800017c   Section        0  libshutdown2.o(.ARM.Collect$$libshutdown$$00000004)
    .ARM.Collect$$libshutdown$$00000007      0x0800017c   Section        0  libshutdown2.o(.ARM.Collect$$libshutdown$$00000007)
    .ARM.Collect$$libshutdown$$0000000A      0x0800017c   Section        0  libshutdown2.o(.ARM.Collect$$libshutdown$$0000000A)
    .ARM.Collect$$libshutdown$$0000000C      0x0800017c   Section        0  libshutdown2.o(.ARM.Collect$$libshutdown$$0000000C)
    .ARM.Collect$$libshutdown$$0000000F      0x0800017c   Section        0  libshutdown2.o(.ARM.Collect$$libshutdown$$0000000F)
    .ARM.Collect$$libshutdown$$00000010      0x0800017c   Section        2  libshutdown2.o(.ARM.Collect$$libshutdown$$00000010)
    .ARM.Collect$$rtentry$$00000000          0x0800017e   Section        0  __rtentry.o(.ARM.Collect$$rtentry$$00000000)
    .ARM.Collect$$rtentry$$00000002          0x0800017e   Section        0  __rtentry2.o(.ARM.Collect$$rtentry$$00000002)
    .ARM.Collect$$rtentry$$00000004          0x0800017e   Section        6  __rtentry4.o(.ARM.Collect$$rtentry$$00000004)
    .ARM.Collect$$rtentry$$00000009          0x08000184   Section        0  __rtentry2.o(.ARM.Collect$$rtentry$$00000009)
    .ARM.Collect$$rtentry$$0000000A          0x08000184   Section        4  __rtentry2.o(.ARM.Collect$$rtentry$$0000000A)
    .ARM.Collect$$rtentry$$0000000C          0x08000188   Section        0  __rtentry2.o(.ARM.Collect$$rtentry$$0000000C)
    .ARM.Collect$$rtentry$$0000000D          0x08000188   Section        8  __rtentry2.o(.ARM.Collect$$rtentry$$0000000D)
    .ARM.Collect$$rtexit$$00000000           0x08000190   Section        2  rtexit.o(.ARM.Collect$$rtexit$$00000000)
    .ARM.Collect$$rtexit$$00000002           0x08000192   Section        0  rtexit2.o(.ARM.Collect$$rtexit$$00000002)
    .ARM.Collect$$rtexit$$00000003           0x08000192   Section        4  rtexit2.o(.ARM.Collect$$rtexit$$00000003)
    .ARM.Collect$$rtexit$$00000004           0x08000196   Section        6  rtexit2.o(.ARM.Collect$$rtexit$$00000004)
    .text                                    0x0800019c   Section       64  startup_stm32f10x_md.o(.text)
    .text                                    0x080001dc   Section      176  context_rvds.o(.text)
    .text                                    0x0800028c   Section        2  use_no_semi_2.o(.text)
    .text                                    0x08000290   Section        0  noretval__2printf.o(.text)
    .text                                    0x080002a8   Section        0  __printf.o(.text)
    .text                                    0x08000310   Section        0  _printf_str.o(.text)
    .text                                    0x08000364   Section        0  _printf_dec.o(.text)
    .text                                    0x080003dc   Section       68  rt_memclr.o(.text)
    .text                                    0x08000420   Section        0  heapauxi.o(.text)
    .text                                    0x08000426   Section        2  use_no_semi.o(.text)
    .text                                    0x08000428   Section        0  _printf_intcommon.o(.text)
    .text                                    0x080004da   Section        0  _printf_char.o(.text)
    .text                                    0x08000508   Section        0  _printf_char_file.o(.text)
    .text                                    0x0800052c   Section       78  rt_memclr_w.o(.text)
    .text                                    0x0800057c   Section        0  _printf_char_common.o(.text)
    _printf_input_char                       0x0800057d   Thumb Code    10  _printf_char_common.o(.text)
    .text                                    0x080005ac   Section        0  ferror.o(.text)
    .text                                    0x080005b4   Section       74  sys_stackheap_outer.o(.text)
    .text                                    0x080005fe   Section        0  exit.o(.text)
    .text                                    0x08000610   Section        8  libspace.o(.text)
    i.BusFault_Handler                       0x08000618   Section        0  stm32f10x_it.o(i.BusFault_Handler)
    i.DebugMon_Handler                       0x0800061c   Section        0  stm32f10x_it.o(i.DebugMon_Handler)
    i.GPIO_Init                              0x0800061e   Section        0  stm32f10x_gpio.o(i.GPIO_Init)
    i.GPIO_ResetBits                         0x08000734   Section        0  stm32f10x_gpio.o(i.GPIO_ResetBits)
    i.GPIO_SetBits                           0x08000738   Section        0  stm32f10x_gpio.o(i.GPIO_SetBits)
    i.HardFault_Handler                      0x0800073c   Section        0  stm32f10x_it.o(i.HardFault_Handler)
    i.LED_Init                               0x08000740   Section        0  led.o(i.LED_Init)
    i.MemManage_Handler                      0x080007a8   Section        0  stm32f10x_it.o(i.MemManage_Handler)
    i.NMI_Handler                            0x080007ac   Section        0  stm32f10x_it.o(i.NMI_Handler)
    i.RCC_APB2PeriphClockCmd                 0x080007b0   Section        0  stm32f10x_rcc.o(i.RCC_APB2PeriphClockCmd)
    i.RCC_GetClocksFreq                      0x080007d0   Section        0  stm32f10x_rcc.o(i.RCC_GetClocksFreq)
    i.SVC_Handler                            0x080008a4   Section        0  stm32f10x_it.o(i.SVC_Handler)
    i.SetSysClock                            0x080008a6   Section        0  system_stm32f10x.o(i.SetSysClock)
    SetSysClock                              0x080008a7   Thumb Code     8  system_stm32f10x.o(i.SetSysClock)
    i.SetSysClockTo72                        0x080008b0   Section        0  system_stm32f10x.o(i.SetSysClockTo72)
    SetSysClockTo72                          0x080008b1   Thumb Code   214  system_stm32f10x.o(i.SetSysClockTo72)
    i.SysTick_Handler                        0x08000990   Section        0  main.o(i.SysTick_Handler)
    i.SystemInit                             0x080009a0   Section        0  system_stm32f10x.o(i.SystemInit)
    i.USART1_IRQHandler                      0x08000a00   Section        0  usart.o(i.USART1_IRQHandler)
    i.USART_Cmd                              0x08000a88   Section        0  stm32f10x_usart.o(i.USART_Cmd)
    i.USART_GetFlagStatus                    0x08000aa0   Section        0  stm32f10x_usart.o(i.USART_GetFlagStatus)
    i.USART_GetITStatus                      0x08000aba   Section        0  stm32f10x_usart.o(i.USART_GetITStatus)
    i.USART_Init                             0x08000b10   Section        0  stm32f10x_usart.o(i.USART_Init)
    i.USART_ReceiveData                      0x08000be8   Section        0  stm32f10x_usart.o(i.USART_ReceiveData)
    i.UsageFault_Handler                     0x08000bf2   Section        0  stm32f10x_it.o(i.UsageFault_Handler)
    i.__ky_ffs                               0x08000bf6   Section        0  kservice.o(i.__ky_ffs)
    i._ky_timer_init                         0x08000c12   Section        0  timer.o(i._ky_timer_init)
    i._ky_timer_remove                       0x08000c54   Section        0  timer.o(i._ky_timer_remove)
    _ky_timer_remove                         0x08000c55   Thumb Code    46  timer.o(i._ky_timer_remove)
    i._sys_exit                              0x08000c82   Section        0  usart.o(i._sys_exit)
    i.cmd_clear                              0x08000c88   Section        0  cmd.o(i.cmd_clear)
    i.cmd_cpu                                0x08000c9c   Section        0  cmd.o(i.cmd_cpu)
    i.cmd_list_add                           0x08000ce8   Section        0  shell.o(i.cmd_list_add)
    i.cmd_ps                                 0x08000d30   Section        0  cmd.o(i.cmd_ps)
    i.cmd_version                            0x08000d60   Section        0  cmd.o(i.cmd_version)
    i.fputc                                  0x08000d6c   Section        0  usart.o(i.fputc)
    i.ky_hw_stack_init                       0x08000d88   Section        0  hw_settings.o(i.ky_hw_stack_init)
    i.ky_interrupt_enter                     0x08000dc8   Section        0  irq.o(i.ky_interrupt_enter)
    i.ky_interrupt_leave                     0x08000de8   Section        0  irq.o(i.ky_interrupt_leave)
    i.ky_list_init                           0x08000e08   Section        0  timer.o(i.ky_list_init)
    ky_list_init                             0x08000e09   Thumb Code     6  timer.o(i.ky_list_init)
    i.ky_list_remove                         0x08000e0e   Section        0  thread.o(i.ky_list_remove)
    ky_list_remove                           0x08000e0f   Thumb Code    18  thread.o(i.ky_list_remove)
    i.ky_schedule                            0x08000e20   Section        0  scheduler.o(i.ky_schedule)
    i.ky_schedule_insert_thread              0x08000e80   Section        0  scheduler.o(i.ky_schedule_insert_thread)
    i.ky_schedule_remove_thread              0x08000ec8   Section        0  scheduler.o(i.ky_schedule_remove_thread)
    i.ky_shell_init                          0x08000f1c   Section        0  shell.o(i.ky_shell_init)
    i.ky_system_schedule_init                0x08000f5c   Section        0  scheduler.o(i.ky_system_schedule_init)
    i.ky_system_schedule_start               0x08000f98   Section        0  scheduler.o(i.ky_system_schedule_start)
    i.ky_system_timer_init                   0x08000fc8   Section        0  timer.o(i.ky_system_timer_init)
    i.ky_thread_delay                        0x08000fe4   Section        0  thread.o(i.ky_thread_delay)
    i.ky_thread_delay_ms                     0x08000ff0   Section        0  thread.o(i.ky_thread_delay_ms)
    i.ky_thread_delay_s                      0x08000ffc   Section        0  thread.o(i.ky_thread_delay_s)
    i.ky_thread_idle_entry                   0x08001010   Section        0  idle.o(i.ky_thread_idle_entry)
    i.ky_thread_idle_init                    0x08001024   Section        0  idle.o(i.ky_thread_idle_init)
    i.ky_thread_init                         0x08001060   Section        0  thread.o(i.ky_thread_init)
    i.ky_thread_resume                       0x080010d4   Section        0  thread.o(i.ky_thread_resume)
    i.ky_thread_self                         0x08001108   Section        0  thread.o(i.ky_thread_self)
    i.ky_thread_sleep                        0x08001114   Section        0  thread.o(i.ky_thread_sleep)
    i.ky_thread_startup                      0x0800114c   Section        0  thread.o(i.ky_thread_startup)
    i.ky_thread_suspend                      0x08001178   Section        0  thread.o(i.ky_thread_suspend)
    i.ky_thread_timeout                      0x080011b2   Section        0  thread.o(i.ky_thread_timeout)
    i.ky_thread_yeild                        0x080011d4   Section        0  thread.o(i.ky_thread_yeild)
    i.ky_tick_get                            0x08001238   Section        0  clock.o(i.ky_tick_get)
    i.ky_tick_increase                       0x08001244   Section        0  clock.o(i.ky_tick_increase)
    i.ky_timer_check                         0x08001274   Section        0  timer.o(i.ky_timer_check)
    i.ky_timer_control                       0x080012f8   Section        0  timer.o(i.ky_timer_control)
    i.ky_timer_init                          0x08001330   Section        0  timer.o(i.ky_timer_init)
    i.ky_timer_start                         0x08001354   Section        0  timer.o(i.ky_timer_start)
    i.ky_timer_stop                          0x08001428   Section        0  timer.o(i.ky_timer_stop)
    i.kythread_startup                       0x08001458   Section        0  components.o(i.kythread_startup)
    i.main                                   0x080014dc   Section        0  main.o(i.main)
    i.my_strcmp                              0x08001558   Section        0  shell.o(i.my_strcmp)
    i.shell_getchar                          0x08001574   Section        0  shell.o(i.shell_getchar)
    i.shell_match                            0x080015b4   Section        0  shell.o(i.shell_match)
    i.shell_thread_entry                     0x08001640   Section        0  shell.o(i.shell_thread_entry)
    i.show_version                           0x0800177c   Section        0  kservice.o(i.show_version)
    i.system_cmd_init                        0x08001828   Section        0  shell.o(i.system_cmd_init)
    i.test1_thread_entry                     0x08001884   Section        0  main.o(i.test1_thread_entry)
    i.test2_thread_entry                     0x080018bc   Section        0  main.o(i.test2_thread_entry)
    i.uart_init                              0x080018f4   Section        0  usart.o(i.uart_init)
    x$fpl$ffltu                              0x0800196c   Section       38  fflt_clz.o(x$fpl$ffltu)
    x$fpl$usenofp                            0x08001992   Section        0  usenofp.o(x$fpl$usenofp)
    .data                                    0x20000000   Section        3  main.o(.data)
    .data                                    0x20000004   Section       20  system_stm32f10x.o(.data)
    .data                                    0x20000018   Section       20  stm32f10x_rcc.o(.data)
    APBAHBPrescTable                         0x20000018   Data          16  stm32f10x_rcc.o(.data)
    ADCPrescTable                            0x20000028   Data           4  stm32f10x_rcc.o(.data)
    .data                                    0x2000002c   Section        6  usart.o(.data)
    .data                                    0x20000034   Section       12  hw_settings.o(.data)
    .data                                    0x20000040   Section       12  scheduler.o(.data)
    .data                                    0x2000004c   Section        4  idle.o(.data)
    .data                                    0x20000050   Section        4  clock.o(.data)
    .data                                    0x20000054   Section        1  irq.o(.data)
    .data                                    0x20000058   Section       12  timer.o(.data)
    ky_timer_list                            0x20000058   Data           8  timer.o(.data)
    random_nr                                0x20000060   Data           4  timer.o(.data)
    .data                                    0x20000064   Section        8  shell.o(.data)
    .bss                                     0x2000006c   Section     1248  main.o(.bss)
    .bss                                     0x2000054c   Section      200  usart.o(.bss)
    .bss                                     0x20000614   Section      256  scheduler.o(.bss)
    .bss                                     0x20000714   Section      624  idle.o(.bss)
    ky_thread_stack                          0x20000714   Data         512  idle.o(.bss)
    .bss                                     0x20000984   Section     4396  shell.o(.bss)
    cmd_table                                0x20000df4   Data        3200  shell.o(.bss)
    .bss                                     0x20001ab0   Section       96  libspace.o(.bss)
    HEAP                                     0x20001b10   Section      512  startup_stm32f10x_md.o(HEAP)
    Heap_Mem                                 0x20001b10   Data         512  startup_stm32f10x_md.o(HEAP)
    STACK                                    0x20001d10   Section     1024  startup_stm32f10x_md.o(STACK)
    Stack_Mem                                0x20001d10   Data        1024  startup_stm32f10x_md.o(STACK)
    __initial_sp                             0x20002110   Data           0  startup_stm32f10x_md.o(STACK)

    Global Symbols

    Symbol Name                              Value     Ov Type        Size  Object(Section)

    BuildAttributes$$THM_ISAv4$P$D$K$B$S$PE$A:L22UL41UL21$X:L11$S22US41US21$IEEE1$IW$USESV6$~STKCKD$USESV7$~SHL$OSPACE$ROPI$EBA8$UX$STANDARDLIB$REQ8$PRES8$EABIv2 0x00000000   Number         0  anon$$obj.o ABSOLUTE
    __ARM_use_no_argv                        0x00000000   Number         0  main.o ABSOLUTE
    __ARM_exceptions_init                     - Undefined Weak Reference
    __alloca_initialize                       - Undefined Weak Reference
    __arm_preinit_                            - Undefined Weak Reference
    __cpp_initialize__aeabi_                  - Undefined Weak Reference
    __cxa_finalize                            - Undefined Weak Reference
    __rt_locale                               - Undefined Weak Reference
    __sigvec_lookup                           - Undefined Weak Reference
    _atexit_init                              - Undefined Weak Reference
    _call_atexit_fns                          - Undefined Weak Reference
    _clock_init                               - Undefined Weak Reference
    _fp_trap_init                             - Undefined Weak Reference
    _fp_trap_shutdown                         - Undefined Weak Reference
    _get_lc_collate                           - Undefined Weak Reference
    _get_lc_ctype                             - Undefined Weak Reference
    _get_lc_monetary                          - Undefined Weak Reference
    _get_lc_numeric                           - Undefined Weak Reference
    _get_lc_time                              - Undefined Weak Reference
    _getenv_init                              - Undefined Weak Reference
    _handle_redirection                       - Undefined Weak Reference
    _init_alloc                               - Undefined Weak Reference
    _init_user_alloc                          - Undefined Weak Reference
    _initio                                   - Undefined Weak Reference
    _mutex_acquire                            - Undefined Weak Reference
    _mutex_release                            - Undefined Weak Reference
    _printf_mbtowc                            - Undefined Weak Reference
    _printf_post_padding                      - Undefined Weak Reference
    _printf_pre_padding                       - Undefined Weak Reference
    _printf_truncate_signed                   - Undefined Weak Reference
    _printf_truncate_unsigned                 - Undefined Weak Reference
    _rand_init                                - Undefined Weak Reference
    _signal_finish                            - Undefined Weak Reference
    _signal_init                              - Undefined Weak Reference
    _terminate_alloc                          - Undefined Weak Reference
    _terminate_user_alloc                     - Undefined Weak Reference
    _terminateio                              - Undefined Weak Reference
    __Vectors_Size                           0x000000ec   Number         0  startup_stm32f10x_md.o ABSOLUTE
    __Vectors                                0x08000000   Data           4  startup_stm32f10x_md.o(RESET)
    __Vectors_End                            0x080000ec   Data           0  startup_stm32f10x_md.o(RESET)
    __main                                   0x080000ed   Thumb Code     8  __main.o(!!!main)
    __scatterload                            0x080000f5   Thumb Code     0  __scatter.o(!!!scatter)
    __scatterload_rt2                        0x080000f5   Thumb Code    44  __scatter.o(!!!scatter)
    __scatterload_rt2_thumb_only             0x080000f5   Thumb Code     0  __scatter.o(!!!scatter)
    __scatterload_null                       0x08000103   Thumb Code     0  __scatter.o(!!!scatter)
    __scatterload_copy                       0x08000129   Thumb Code    26  __scatter_copy.o(!!handler_copy)
    __scatterload_zeroinit                   0x08000145   Thumb Code    28  __scatter_zi.o(!!handler_zi)
    _printf_d                                0x08000161   Thumb Code     0  _printf_d.o(.ARM.Collect$$_printf_percent$$00000009)
    _printf_percent                          0x08000161   Thumb Code     0  _printf_percent.o(.ARM.Collect$$_printf_percent$$00000000)
    _printf_c                                0x08000167   Thumb Code     0  _printf_c.o(.ARM.Collect$$_printf_percent$$00000013)
    _printf_s                                0x0800016d   Thumb Code     0  _printf_s.o(.ARM.Collect$$_printf_percent$$00000014)
    _printf_percent_end                      0x08000173   Thumb Code     0  _printf_percent_end.o(.ARM.Collect$$_printf_percent$$00000017)
    __rt_lib_init                            0x08000177   Thumb Code     0  libinit.o(.ARM.Collect$$libinit$$00000000)
    __rt_lib_init_alloca_1                   0x08000179   Thumb Code     0  libinit2.o(.ARM.Collect$$libinit$$0000002E)
    __rt_lib_init_argv_1                     0x08000179   Thumb Code     0  libinit2.o(.ARM.Collect$$libinit$$0000002C)
    __rt_lib_init_atexit_1                   0x08000179   Thumb Code     0  libinit2.o(.ARM.Collect$$libinit$$0000001B)
    __rt_lib_init_clock_1                    0x08000179   Thumb Code     0  libinit2.o(.ARM.Collect$$libinit$$00000021)
    __rt_lib_init_cpp_1                      0x08000179   Thumb Code     0  libinit2.o(.ARM.Collect$$libinit$$00000032)
    __rt_lib_init_exceptions_1               0x08000179   Thumb Code     0  libinit2.o(.ARM.Collect$$libinit$$00000030)
    __rt_lib_init_fp_1                       0x08000179   Thumb Code     0  libinit2.o(.ARM.Collect$$libinit$$00000002)
    __rt_lib_init_fp_trap_1                  0x08000179   Thumb Code     0  libinit2.o(.ARM.Collect$$libinit$$0000001F)
    __rt_lib_init_getenv_1                   0x08000179   Thumb Code     0  libinit2.o(.ARM.Collect$$libinit$$00000023)
    __rt_lib_init_heap_1                     0x08000179   Thumb Code     0  libinit2.o(.ARM.Collect$$libinit$$0000000A)
    __rt_lib_init_lc_collate_1               0x08000179   Thumb Code     0  libinit2.o(.ARM.Collect$$libinit$$00000011)
    __rt_lib_init_lc_ctype_1                 0x08000179   Thumb Code     0  libinit2.o(.ARM.Collect$$libinit$$00000013)
    __rt_lib_init_lc_monetary_1              0x08000179   Thumb Code     0  libinit2.o(.ARM.Collect$$libinit$$00000015)
    __rt_lib_init_lc_numeric_1               0x08000179   Thumb Code     0  libinit2.o(.ARM.Collect$$libinit$$00000017)
    __rt_lib_init_lc_time_1                  0x08000179   Thumb Code     0  libinit2.o(.ARM.Collect$$libinit$$00000019)
    __rt_lib_init_preinit_1                  0x08000179   Thumb Code     0  libinit2.o(.ARM.Collect$$libinit$$00000004)
    __rt_lib_init_rand_1                     0x08000179   Thumb Code     0  libinit2.o(.ARM.Collect$$libinit$$0000000E)
    __rt_lib_init_return                     0x08000179   Thumb Code     0  libinit2.o(.ARM.Collect$$libinit$$00000033)
    __rt_lib_init_signal_1                   0x08000179   Thumb Code     0  libinit2.o(.ARM.Collect$$libinit$$0000001D)
    __rt_lib_init_stdio_1                    0x08000179   Thumb Code     0  libinit2.o(.ARM.Collect$$libinit$$00000025)
    __rt_lib_init_user_alloc_1               0x08000179   Thumb Code     0  libinit2.o(.ARM.Collect$$libinit$$0000000C)
    __rt_lib_shutdown                        0x0800017b   Thumb Code     0  libshutdown.o(.ARM.Collect$$libshutdown$$00000000)
    __rt_lib_shutdown_cpp_1                  0x0800017d   Thumb Code     0  libshutdown2.o(.ARM.Collect$$libshutdown$$00000002)
    __rt_lib_shutdown_fp_trap_1              0x0800017d   Thumb Code     0  libshutdown2.o(.ARM.Collect$$libshutdown$$00000007)
    __rt_lib_shutdown_heap_1                 0x0800017d   Thumb Code     0  libshutdown2.o(.ARM.Collect$$libshutdown$$0000000F)
    __rt_lib_shutdown_return                 0x0800017d   Thumb Code     0  libshutdown2.o(.ARM.Collect$$libshutdown$$00000010)
    __rt_lib_shutdown_signal_1               0x0800017d   Thumb Code     0  libshutdown2.o(.ARM.Collect$$libshutdown$$0000000A)
    __rt_lib_shutdown_stdio_1                0x0800017d   Thumb Code     0  libshutdown2.o(.ARM.Collect$$libshutdown$$00000004)
    __rt_lib_shutdown_user_alloc_1           0x0800017d   Thumb Code     0  libshutdown2.o(.ARM.Collect$$libshutdown$$0000000C)
    __rt_entry                               0x0800017f   Thumb Code     0  __rtentry.o(.ARM.Collect$$rtentry$$00000000)
    __rt_entry_presh_1                       0x0800017f   Thumb Code     0  __rtentry2.o(.ARM.Collect$$rtentry$$00000002)
    __rt_entry_sh                            0x0800017f   Thumb Code     0  __rtentry4.o(.ARM.Collect$$rtentry$$00000004)
    __rt_entry_li                            0x08000185   Thumb Code     0  __rtentry2.o(.ARM.Collect$$rtentry$$0000000A)
    __rt_entry_postsh_1                      0x08000185   Thumb Code     0  __rtentry2.o(.ARM.Collect$$rtentry$$00000009)
    __rt_entry_main                          0x08000189   Thumb Code     0  __rtentry2.o(.ARM.Collect$$rtentry$$0000000D)
    __rt_entry_postli_1                      0x08000189   Thumb Code     0  __rtentry2.o(.ARM.Collect$$rtentry$$0000000C)
    __rt_exit                                0x08000191   Thumb Code     0  rtexit.o(.ARM.Collect$$rtexit$$00000000)
    __rt_exit_ls                             0x08000193   Thumb Code     0  rtexit2.o(.ARM.Collect$$rtexit$$00000003)
    __rt_exit_prels_1                        0x08000193   Thumb Code     0  rtexit2.o(.ARM.Collect$$rtexit$$00000002)
    __rt_exit_exit                           0x08000197   Thumb Code     0  rtexit2.o(.ARM.Collect$$rtexit$$00000004)
    Reset_Handler                            0x0800019d   Thumb Code     8  startup_stm32f10x_md.o(.text)
    ADC1_2_IRQHandler                        0x080001b7   Thumb Code     0  startup_stm32f10x_md.o(.text)
    CAN1_RX1_IRQHandler                      0x080001b7   Thumb Code     0  startup_stm32f10x_md.o(.text)
    CAN1_SCE_IRQHandler                      0x080001b7   Thumb Code     0  startup_stm32f10x_md.o(.text)
    DMA1_Channel1_IRQHandler                 0x080001b7   Thumb Code     0  startup_stm32f10x_md.o(.text)
    DMA1_Channel2_IRQHandler                 0x080001b7   Thumb Code     0  startup_stm32f10x_md.o(.text)
    DMA1_Channel3_IRQHandler                 0x080001b7   Thumb Code     0  startup_stm32f10x_md.o(.text)
    DMA1_Channel4_IRQHandler                 0x080001b7   Thumb Code     0  startup_stm32f10x_md.o(.text)
    DMA1_Channel5_IRQHandler                 0x080001b7   Thumb Code     0  startup_stm32f10x_md.o(.text)
    DMA1_Channel6_IRQHandler                 0x080001b7   Thumb Code     0  startup_stm32f10x_md.o(.text)
    DMA1_Channel7_IRQHandler                 0x080001b7   Thumb Code     0  startup_stm32f10x_md.o(.text)
    EXTI0_IRQHandler                         0x080001b7   Thumb Code     0  startup_stm32f10x_md.o(.text)
    EXTI15_10_IRQHandler                     0x080001b7   Thumb Code     0  startup_stm32f10x_md.o(.text)
    EXTI1_IRQHandler                         0x080001b7   Thumb Code     0  startup_stm32f10x_md.o(.text)
    EXTI2_IRQHandler                         0x080001b7   Thumb Code     0  startup_stm32f10x_md.o(.text)
    EXTI3_IRQHandler                         0x080001b7   Thumb Code     0  startup_stm32f10x_md.o(.text)
    EXTI4_IRQHandler                         0x080001b7   Thumb Code     0  startup_stm32f10x_md.o(.text)
    EXTI9_5_IRQHandler                       0x080001b7   Thumb Code     0  startup_stm32f10x_md.o(.text)
    FLASH_IRQHandler                         0x080001b7   Thumb Code     0  startup_stm32f10x_md.o(.text)
    I2C1_ER_IRQHandler                       0x080001b7   Thumb Code     0  startup_stm32f10x_md.o(.text)
    I2C1_EV_IRQHandler                       0x080001b7   Thumb Code     0  startup_stm32f10x_md.o(.text)
    I2C2_ER_IRQHandler                       0x080001b7   Thumb Code     0  startup_stm32f10x_md.o(.text)
    I2C2_EV_IRQHandler                       0x080001b7   Thumb Code     0  startup_stm32f10x_md.o(.text)
    PVD_IRQHandler                           0x080001b7   Thumb Code     0  startup_stm32f10x_md.o(.text)
    RCC_IRQHandler                           0x080001b7   Thumb Code     0  startup_stm32f10x_md.o(.text)
    RTCAlarm_IRQHandler                      0x080001b7   Thumb Code     0  startup_stm32f10x_md.o(.text)
    RTC_IRQHandler                           0x080001b7   Thumb Code     0  startup_stm32f10x_md.o(.text)
    SPI1_IRQHandler                          0x080001b7   Thumb Code     0  startup_stm32f10x_md.o(.text)
    SPI2_IRQHandler                          0x080001b7   Thumb Code     0  startup_stm32f10x_md.o(.text)
    TAMPER_IRQHandler                        0x080001b7   Thumb Code     0  startup_stm32f10x_md.o(.text)
    TIM1_BRK_IRQHandler                      0x080001b7   Thumb Code     0  startup_stm32f10x_md.o(.text)
    TIM1_CC_IRQHandler                       0x080001b7   Thumb Code     0  startup_stm32f10x_md.o(.text)
    TIM1_TRG_COM_IRQHandler                  0x080001b7   Thumb Code     0  startup_stm32f10x_md.o(.text)
    TIM1_UP_IRQHandler                       0x080001b7   Thumb Code     0  startup_stm32f10x_md.o(.text)
    TIM2_IRQHandler                          0x080001b7   Thumb Code     0  startup_stm32f10x_md.o(.text)
    TIM3_IRQHandler                          0x080001b7   Thumb Code     0  startup_stm32f10x_md.o(.text)
    TIM4_IRQHandler                          0x080001b7   Thumb Code     0  startup_stm32f10x_md.o(.text)
    USART2_IRQHandler                        0x080001b7   Thumb Code     0  startup_stm32f10x_md.o(.text)
    USART3_IRQHandler                        0x080001b7   Thumb Code     0  startup_stm32f10x_md.o(.text)
    USBWakeUp_IRQHandler                     0x080001b7   Thumb Code     0  startup_stm32f10x_md.o(.text)
    USB_HP_CAN1_TX_IRQHandler                0x080001b7   Thumb Code     0  startup_stm32f10x_md.o(.text)
    USB_LP_CAN1_RX0_IRQHandler               0x080001b7   Thumb Code     0  startup_stm32f10x_md.o(.text)
    WWDG_IRQHandler                          0x080001b7   Thumb Code     0  startup_stm32f10x_md.o(.text)
    __user_initial_stackheap                 0x080001b9   Thumb Code     0  startup_stm32f10x_md.o(.text)
    rt_hw_interrupt_disable                  0x080001dd   Thumb Code     8  context_rvds.o(.text)
    rt_hw_interrupt_enable                   0x080001e5   Thumb Code     6  context_rvds.o(.text)
    rt_hw_context_switch_to                  0x080001eb   Thumb Code    48  context_rvds.o(.text)
    rt_hw_context_switch                     0x0800021b   Thumb Code    32  context_rvds.o(.text)
    PendSV_Handler                           0x0800023b   Thumb Code    60  context_rvds.o(.text)
    __use_no_semihosting                     0x0800028d   Thumb Code     2  use_no_semi_2.o(.text)
    __2printf                                0x08000291   Thumb Code    20  noretval__2printf.o(.text)
    __printf                                 0x080002a9   Thumb Code   104  __printf.o(.text)
    _printf_str                              0x08000311   Thumb Code    82  _printf_str.o(.text)
    _printf_int_dec                          0x08000365   Thumb Code   104  _printf_dec.o(.text)
    __aeabi_memclr                           0x080003dd   Thumb Code     0  rt_memclr.o(.text)
    __rt_memclr                              0x080003dd   Thumb Code    68  rt_memclr.o(.text)
    _memset                                  0x080003e1   Thumb Code     0  rt_memclr.o(.text)
    __use_two_region_memory                  0x08000421   Thumb Code     2  heapauxi.o(.text)
    __rt_heap_escrow$2region                 0x08000423   Thumb Code     2  heapauxi.o(.text)
    __rt_heap_expand$2region                 0x08000425   Thumb Code     2  heapauxi.o(.text)
    __I$use$semihosting                      0x08000427   Thumb Code     0  use_no_semi.o(.text)
    __use_no_semihosting_swi                 0x08000427   Thumb Code     2  use_no_semi.o(.text)
    _printf_int_common                       0x08000429   Thumb Code   178  _printf_intcommon.o(.text)
    _printf_cs_common                        0x080004db   Thumb Code    20  _printf_char.o(.text)
    _printf_char                             0x080004ef   Thumb Code    16  _printf_char.o(.text)
    _printf_string                           0x080004ff   Thumb Code     8  _printf_char.o(.text)
    _printf_char_file                        0x08000509   Thumb Code    32  _printf_char_file.o(.text)
    __aeabi_memclr4                          0x0800052d   Thumb Code     0  rt_memclr_w.o(.text)
    __aeabi_memclr8                          0x0800052d   Thumb Code     0  rt_memclr_w.o(.text)
    __rt_memclr_w                            0x0800052d   Thumb Code    78  rt_memclr_w.o(.text)
    _memset_w                                0x08000531   Thumb Code     0  rt_memclr_w.o(.text)
    _printf_char_common                      0x08000587   Thumb Code    32  _printf_char_common.o(.text)
    ferror                                   0x080005ad   Thumb Code     8  ferror.o(.text)
    __user_setup_stackheap                   0x080005b5   Thumb Code    74  sys_stackheap_outer.o(.text)
    exit                                     0x080005ff   Thumb Code    18  exit.o(.text)
    __user_libspace                          0x08000611   Thumb Code     8  libspace.o(.text)
    __user_perproc_libspace                  0x08000611   Thumb Code     0  libspace.o(.text)
    __user_perthread_libspace                0x08000611   Thumb Code     0  libspace.o(.text)
    BusFault_Handler                         0x08000619   Thumb Code     4  stm32f10x_it.o(i.BusFault_Handler)
    DebugMon_Handler                         0x0800061d   Thumb Code     2  stm32f10x_it.o(i.DebugMon_Handler)
    GPIO_Init                                0x0800061f   Thumb Code   278  stm32f10x_gpio.o(i.GPIO_Init)
    GPIO_ResetBits                           0x08000735   Thumb Code     4  stm32f10x_gpio.o(i.GPIO_ResetBits)
    GPIO_SetBits                             0x08000739   Thumb Code     4  stm32f10x_gpio.o(i.GPIO_SetBits)
    HardFault_Handler                        0x0800073d   Thumb Code     4  stm32f10x_it.o(i.HardFault_Handler)
    LED_Init                                 0x08000741   Thumb Code    96  led.o(i.LED_Init)
    MemManage_Handler                        0x080007a9   Thumb Code     4  stm32f10x_it.o(i.MemManage_Handler)
    NMI_Handler                              0x080007ad   Thumb Code     2  stm32f10x_it.o(i.NMI_Handler)
    RCC_APB2PeriphClockCmd                   0x080007b1   Thumb Code    26  stm32f10x_rcc.o(i.RCC_APB2PeriphClockCmd)
    RCC_GetClocksFreq                        0x080007d1   Thumb Code   192  stm32f10x_rcc.o(i.RCC_GetClocksFreq)
    SVC_Handler                              0x080008a5   Thumb Code     2  stm32f10x_it.o(i.SVC_Handler)
    SysTick_Handler                          0x08000991   Thumb Code    16  main.o(i.SysTick_Handler)
    SystemInit                               0x080009a1   Thumb Code    78  system_stm32f10x.o(i.SystemInit)
    USART1_IRQHandler                        0x08000a01   Thumb Code   122  usart.o(i.USART1_IRQHandler)
    USART_Cmd                                0x08000a89   Thumb Code    24  stm32f10x_usart.o(i.USART_Cmd)
    USART_GetFlagStatus                      0x08000aa1   Thumb Code    26  stm32f10x_usart.o(i.USART_GetFlagStatus)
    USART_GetITStatus                        0x08000abb   Thumb Code    84  stm32f10x_usart.o(i.USART_GetITStatus)
    USART_Init                               0x08000b11   Thumb Code   210  stm32f10x_usart.o(i.USART_Init)
    USART_ReceiveData                        0x08000be9   Thumb Code    10  stm32f10x_usart.o(i.USART_ReceiveData)
    UsageFault_Handler                       0x08000bf3   Thumb Code     4  stm32f10x_it.o(i.UsageFault_Handler)
    __ky_ffs                                 0x08000bf7   Thumb Code    28  kservice.o(i.__ky_ffs)
    _ky_timer_init                           0x08000c13   Thumb Code    66  timer.o(i._ky_timer_init)
    _sys_exit                                0x08000c83   Thumb Code     6  usart.o(i._sys_exit)
    cmd_clear                                0x08000c89   Thumb Code    12  cmd.o(i.cmd_clear)
    cmd_cpu                                  0x08000c9d   Thumb Code    60  cmd.o(i.cmd_cpu)
    cmd_list_add                             0x08000ce9   Thumb Code    62  shell.o(i.cmd_list_add)
    cmd_ps                                   0x08000d31   Thumb Code    34  cmd.o(i.cmd_ps)
    cmd_version                              0x08000d61   Thumb Code    10  cmd.o(i.cmd_version)
    fputc                                    0x08000d6d   Thumb Code    24  usart.o(i.fputc)
    ky_hw_stack_init                         0x08000d89   Thumb Code    58  hw_settings.o(i.ky_hw_stack_init)
    ky_interrupt_enter                       0x08000dc9   Thumb Code    26  irq.o(i.ky_interrupt_enter)
    ky_interrupt_leave                       0x08000de9   Thumb Code    26  irq.o(i.ky_interrupt_leave)
    ky_schedule                              0x08000e21   Thumb Code    78  scheduler.o(i.ky_schedule)
    ky_schedule_insert_thread                0x08000e81   Thumb Code    64  scheduler.o(i.ky_schedule_insert_thread)
    ky_schedule_remove_thread                0x08000ec9   Thumb Code    76  scheduler.o(i.ky_schedule_remove_thread)
    ky_shell_init                            0x08000f1d   Thumb Code    42  shell.o(i.ky_shell_init)
    ky_system_schedule_init                  0x08000f5d   Thumb Code    44  scheduler.o(i.ky_system_schedule_init)
    ky_system_schedule_start                 0x08000f99   Thumb Code    36  scheduler.o(i.ky_system_schedule_start)
    ky_system_timer_init                     0x08000fc9   Thumb Code    24  timer.o(i.ky_system_timer_init)
    ky_thread_delay                          0x08000fe5   Thumb Code    12  thread.o(i.ky_thread_delay)
    ky_thread_delay_ms                       0x08000ff1   Thumb Code    12  thread.o(i.ky_thread_delay_ms)
    ky_thread_delay_s                        0x08000ffd   Thumb Code    18  thread.o(i.ky_thread_delay_s)
    ky_thread_idle_entry                     0x08001011   Thumb Code    16  idle.o(i.ky_thread_idle_entry)
    ky_thread_idle_init                      0x08001025   Thumb Code    38  idle.o(i.ky_thread_idle_init)
    ky_thread_init                           0x08001061   Thumb Code   112  thread.o(i.ky_thread_init)
    ky_thread_resume                         0x080010d5   Thumb Code    52  thread.o(i.ky_thread_resume)
    ky_thread_self                           0x08001109   Thumb Code     6  thread.o(i.ky_thread_self)
    ky_thread_sleep                          0x08001115   Thumb Code    50  thread.o(i.ky_thread_sleep)
    ky_thread_startup                        0x0800114d   Thumb Code    44  thread.o(i.ky_thread_startup)
    ky_thread_suspend                        0x08001179   Thumb Code    58  thread.o(i.ky_thread_suspend)
    ky_thread_timeout                        0x080011b3   Thumb Code    32  thread.o(i.ky_thread_timeout)
    ky_thread_yeild                          0x080011d5   Thumb Code    92  thread.o(i.ky_thread_yeild)
    ky_tick_get                              0x08001239   Thumb Code     6  clock.o(i.ky_tick_get)
    ky_tick_increase                         0x08001245   Thumb Code    42  clock.o(i.ky_tick_increase)
    ky_timer_check                           0x08001275   Thumb Code   126  timer.o(i.ky_timer_check)
    ky_timer_control                         0x080012f9   Thumb Code    56  timer.o(i.ky_timer_control)
    ky_timer_init                            0x08001331   Thumb Code    36  timer.o(i.ky_timer_init)
    ky_timer_start                           0x08001355   Thumb Code   204  timer.o(i.ky_timer_start)
    ky_timer_stop                            0x08001429   Thumb Code    48  timer.o(i.ky_timer_stop)
    kythread_startup                         0x08001459   Thumb Code   120  components.o(i.kythread_startup)
    main                                     0x080014dd   Thumb Code    84  main.o(i.main)
    my_strcmp                                0x08001559   Thumb Code    28  shell.o(i.my_strcmp)
    shell_getchar                            0x08001575   Thumb Code    52  shell.o(i.shell_getchar)
    shell_match                              0x080015b5   Thumb Code   102  shell.o(i.shell_match)
    shell_thread_entry                       0x08001641   Thumb Code   282  shell.o(i.shell_thread_entry)
    show_version                             0x0800177d   Thumb Code    46  kservice.o(i.show_version)
    system_cmd_init                          0x08001829   Thumb Code    52  shell.o(i.system_cmd_init)
    test1_thread_entry                       0x08001885   Thumb Code    46  main.o(i.test1_thread_entry)
    test2_thread_entry                       0x080018bd   Thumb Code    48  main.o(i.test2_thread_entry)
    uart_init                                0x080018f5   Thumb Code   112  usart.o(i.uart_init)
    __aeabi_ui2f                             0x0800196d   Thumb Code     0  fflt_clz.o(x$fpl$ffltu)
    _ffltu                                   0x0800196d   Thumb Code    38  fflt_clz.o(x$fpl$ffltu)
    __I$use$fp                               0x08001992   Number         0  usenofp.o(x$fpl$usenofp)
    Region$$Table$$Base                      0x08001994   Number         0  anon$$obj.o(Region$$Table)
    Region$$Table$$Limit                     0x080019b4   Number         0  anon$$obj.o(Region$$Table)
    flag1                                    0x20000000   Data           1  main.o(.data)
    flag2                                    0x20000001   Data           1  main.o(.data)
    flag3                                    0x20000002   Data           1  main.o(.data)
    SystemCoreClock                          0x20000004   Data           4  system_stm32f10x.o(.data)
    AHBPrescTable                            0x20000008   Data          16  system_stm32f10x.o(.data)
    __stdout                                 0x2000002c   Data           4  usart.o(.data)
    USART_RX_STA                             0x20000030   Data           2  usart.o(.data)
    rt_interrupt_from_thread                 0x20000034   Data           4  hw_settings.o(.data)
    rt_interrupt_to_thread                   0x20000038   Data           4  hw_settings.o(.data)
    rt_thread_switch_interrupt_flag          0x2000003c   Data           4  hw_settings.o(.data)
    ky_thread_ready_priority_group           0x20000040   Data           4  scheduler.o(.data)
    ky_current_priority                      0x20000044   Data           1  scheduler.o(.data)
    ky_current_thread                        0x20000048   Data           4  scheduler.o(.data)
    ky_idletask_cnt                          0x2000004c   Data           4  idle.o(.data)
    ky_tick                                  0x20000050   Data           4  clock.o(.data)
    ky_interrupt_cnt                         0x20000054   Data           1  irq.o(.data)
    current_cmd_num                          0x20000064   Data           4  shell.o(.data)
    shell                                    0x20000068   Data           4  shell.o(.data)
    ky_test1_thread                          0x2000006c   Data         112  main.o(.bss)
    ky_test2_thread                          0x200000dc   Data         112  main.o(.bss)
    ky_test1_thread_stack                    0x2000014c   Data         512  main.o(.bss)
    ky_test2_thread_stack                    0x2000034c   Data         512  main.o(.bss)
    USART_RX_BUF                             0x2000054c   Data         200  usart.o(.bss)
    ky_thread_priority_table                 0x20000614   Data         256  scheduler.o(.bss)
    idle                                     0x20000914   Data         112  idle.o(.bss)
    ky_shell_thread                          0x20000984   Data         112  shell.o(.bss)
    ky_shell_thread_stack                    0x200009f4   Data        1024  shell.o(.bss)
    my_shell                                 0x20001a74   Data          60  shell.o(.bss)
    __libspace_start                         0x20001ab0   Data          96  libspace.o(.bss)
    __temporary_stack_top$libspace           0x20001b10   Data           0  libspace.o(.bss)



==============================================================================

Memory Map of the image

  Image Entry point : 0x080000ed

  Load Region LR_IROM1 (Base: 0x08000000, Size: 0x00001a20, Max: 0x00010000, ABSOLUTE)

    Execution Region ER_IROM1 (Exec base: 0x08000000, Load base: 0x08000000, Size: 0x000019b4, Max: 0x00010000, ABSOLUTE)

    Exec Addr    Load Addr    Size         Type   Attr      Idx    E Section Name        Object

    0x08000000   0x08000000   0x000000ec   Data   RO          280    RESET               startup_stm32f10x_md.o
    0x080000ec   0x080000ec   0x00000008   Code   RO         3874  * !!!main             c_w.l(__main.o)
    0x080000f4   0x080000f4   0x00000034   Code   RO         4053    !!!scatter          c_w.l(__scatter.o)
    0x08000128   0x08000128   0x0000001a   Code   RO         4055    !!handler_copy      c_w.l(__scatter_copy.o)
    0x08000142   0x08000142   0x00000002   PAD
    0x08000144   0x08000144   0x0000001c   Code   RO         4057    !!handler_zi        c_w.l(__scatter_zi.o)
    0x08000160   0x08000160   0x00000000   Code   RO         3869    .ARM.Collect$$_printf_percent$$00000000  c_w.l(_printf_percent.o)
    0x08000160   0x08000160   0x00000006   Code   RO         3868    .ARM.Collect$$_printf_percent$$00000009  c_w.l(_printf_d.o)
    0x08000166   0x08000166   0x00000006   Code   RO         3866    .ARM.Collect$$_printf_percent$$00000013  c_w.l(_printf_c.o)
    0x0800016c   0x0800016c   0x00000006   Code   RO         3867    .ARM.Collect$$_printf_percent$$00000014  c_w.l(_printf_s.o)
    0x08000172   0x08000172   0x00000004   Code   RO         3891    .ARM.Collect$$_printf_percent$$00000017  c_w.l(_printf_percent_end.o)
    0x08000176   0x08000176   0x00000002   Code   RO         3927    .ARM.Collect$$libinit$$00000000  c_w.l(libinit.o)
    0x08000178   0x08000178   0x00000000   Code   RO         3934    .ARM.Collect$$libinit$$00000002  c_w.l(libinit2.o)
    0x08000178   0x08000178   0x00000000   Code   RO         3936    .ARM.Collect$$libinit$$00000004  c_w.l(libinit2.o)
    0x08000178   0x08000178   0x00000000   Code   RO         3939    .ARM.Collect$$libinit$$0000000A  c_w.l(libinit2.o)
    0x08000178   0x08000178   0x00000000   Code   RO         3941    .ARM.Collect$$libinit$$0000000C  c_w.l(libinit2.o)
    0x08000178   0x08000178   0x00000000   Code   RO         3943    .ARM.Collect$$libinit$$0000000E  c_w.l(libinit2.o)
    0x08000178   0x08000178   0x00000000   Code   RO         3946    .ARM.Collect$$libinit$$00000011  c_w.l(libinit2.o)
    0x08000178   0x08000178   0x00000000   Code   RO         3948    .ARM.Collect$$libinit$$00000013  c_w.l(libinit2.o)
    0x08000178   0x08000178   0x00000000   Code   RO         3950    .ARM.Collect$$libinit$$00000015  c_w.l(libinit2.o)
    0x08000178   0x08000178   0x00000000   Code   RO         3952    .ARM.Collect$$libinit$$00000017  c_w.l(libinit2.o)
    0x08000178   0x08000178   0x00000000   Code   RO         3954    .ARM.Collect$$libinit$$00000019  c_w.l(libinit2.o)
    0x08000178   0x08000178   0x00000000   Code   RO         3956    .ARM.Collect$$libinit$$0000001B  c_w.l(libinit2.o)
    0x08000178   0x08000178   0x00000000   Code   RO         3958    .ARM.Collect$$libinit$$0000001D  c_w.l(libinit2.o)
    0x08000178   0x08000178   0x00000000   Code   RO         3960    .ARM.Collect$$libinit$$0000001F  c_w.l(libinit2.o)
    0x08000178   0x08000178   0x00000000   Code   RO         3962    .ARM.Collect$$libinit$$00000021  c_w.l(libinit2.o)
    0x08000178   0x08000178   0x00000000   Code   RO         3964    .ARM.Collect$$libinit$$00000023  c_w.l(libinit2.o)
    0x08000178   0x08000178   0x00000000   Code   RO         3966    .ARM.Collect$$libinit$$00000025  c_w.l(libinit2.o)
    0x08000178   0x08000178   0x00000000   Code   RO         3970    .ARM.Collect$$libinit$$0000002C  c_w.l(libinit2.o)
    0x08000178   0x08000178   0x00000000   Code   RO         3972    .ARM.Collect$$libinit$$0000002E  c_w.l(libinit2.o)
    0x08000178   0x08000178   0x00000000   Code   RO         3974    .ARM.Collect$$libinit$$00000030  c_w.l(libinit2.o)
    0x08000178   0x08000178   0x00000000   Code   RO         3976    .ARM.Collect$$libinit$$00000032  c_w.l(libinit2.o)
    0x08000178   0x08000178   0x00000002   Code   RO         3977    .ARM.Collect$$libinit$$00000033  c_w.l(libinit2.o)
    0x0800017a   0x0800017a   0x00000002   Code   RO         3995    .ARM.Collect$$libshutdown$$00000000  c_w.l(libshutdown.o)
    0x0800017c   0x0800017c   0x00000000   Code   RO         4005    .ARM.Collect$$libshutdown$$00000002  c_w.l(libshutdown2.o)
    0x0800017c   0x0800017c   0x00000000   Code   RO         4007    .ARM.Collect$$libshutdown$$00000004  c_w.l(libshutdown2.o)
    0x0800017c   0x0800017c   0x00000000   Code   RO         4010    .ARM.Collect$$libshutdown$$00000007  c_w.l(libshutdown2.o)
    0x0800017c   0x0800017c   0x00000000   Code   RO         4013    .ARM.Collect$$libshutdown$$0000000A  c_w.l(libshutdown2.o)
    0x0800017c   0x0800017c   0x00000000   Code   RO         4015    .ARM.Collect$$libshutdown$$0000000C  c_w.l(libshutdown2.o)
    0x0800017c   0x0800017c   0x00000000   Code   RO         4018    .ARM.Collect$$libshutdown$$0000000F  c_w.l(libshutdown2.o)
    0x0800017c   0x0800017c   0x00000002   Code   RO         4019    .ARM.Collect$$libshutdown$$00000010  c_w.l(libshutdown2.o)
    0x0800017e   0x0800017e   0x00000000   Code   RO         3884    .ARM.Collect$$rtentry$$00000000  c_w.l(__rtentry.o)
    0x0800017e   0x0800017e   0x00000000   Code   RO         3896    .ARM.Collect$$rtentry$$00000002  c_w.l(__rtentry2.o)
    0x0800017e   0x0800017e   0x00000006   Code   RO         3908    .ARM.Collect$$rtentry$$00000004  c_w.l(__rtentry4.o)
    0x08000184   0x08000184   0x00000000   Code   RO         3898    .ARM.Collect$$rtentry$$00000009  c_w.l(__rtentry2.o)
    0x08000184   0x08000184   0x00000004   Code   RO         3899    .ARM.Collect$$rtentry$$0000000A  c_w.l(__rtentry2.o)
    0x08000188   0x08000188   0x00000000   Code   RO         3901    .ARM.Collect$$rtentry$$0000000C  c_w.l(__rtentry2.o)
    0x08000188   0x08000188   0x00000008   Code   RO         3902    .ARM.Collect$$rtentry$$0000000D  c_w.l(__rtentry2.o)
    0x08000190   0x08000190   0x00000002   Code   RO         3931    .ARM.Collect$$rtexit$$00000000  c_w.l(rtexit.o)
    0x08000192   0x08000192   0x00000000   Code   RO         3979    .ARM.Collect$$rtexit$$00000002  c_w.l(rtexit2.o)
    0x08000192   0x08000192   0x00000004   Code   RO         3980    .ARM.Collect$$rtexit$$00000003  c_w.l(rtexit2.o)
    0x08000196   0x08000196   0x00000006   Code   RO         3981    .ARM.Collect$$rtexit$$00000004  c_w.l(rtexit2.o)
    0x0800019c   0x0800019c   0x00000040   Code   RO          281    .text               startup_stm32f10x_md.o
    0x080001dc   0x080001dc   0x000000b0   Code   RO         3362    .text               context_rvds.o
    0x0800028c   0x0800028c   0x00000002   Code   RO         3834    .text               c_w.l(use_no_semi_2.o)
    0x0800028e   0x0800028e   0x00000002   PAD
    0x08000290   0x08000290   0x00000018   Code   RO         3838    .text               c_w.l(noretval__2printf.o)
    0x080002a8   0x080002a8   0x00000068   Code   RO         3840    .text               c_w.l(__printf.o)
    0x08000310   0x08000310   0x00000052   Code   RO         3842    .text               c_w.l(_printf_str.o)
    0x08000362   0x08000362   0x00000002   PAD
    0x08000364   0x08000364   0x00000078   Code   RO         3844    .text               c_w.l(_printf_dec.o)
    0x080003dc   0x080003dc   0x00000044   Code   RO         3870    .text               c_w.l(rt_memclr.o)
    0x08000420   0x08000420   0x00000006   Code   RO         3872    .text               c_w.l(heapauxi.o)
    0x08000426   0x08000426   0x00000002   Code   RO         3882    .text               c_w.l(use_no_semi.o)
    0x08000428   0x08000428   0x000000b2   Code   RO         3885    .text               c_w.l(_printf_intcommon.o)
    0x080004da   0x080004da   0x0000002c   Code   RO         3887    .text               c_w.l(_printf_char.o)
    0x08000506   0x08000506   0x00000002   PAD
    0x08000508   0x08000508   0x00000024   Code   RO         3889    .text               c_w.l(_printf_char_file.o)
    0x0800052c   0x0800052c   0x0000004e   Code   RO         3892    .text               c_w.l(rt_memclr_w.o)
    0x0800057a   0x0800057a   0x00000002   PAD
    0x0800057c   0x0800057c   0x00000030   Code   RO         3910    .text               c_w.l(_printf_char_common.o)
    0x080005ac   0x080005ac   0x00000008   Code   RO         3912    .text               c_w.l(ferror.o)
    0x080005b4   0x080005b4   0x0000004a   Code   RO         3916    .text               c_w.l(sys_stackheap_outer.o)
    0x080005fe   0x080005fe   0x00000012   Code   RO         3920    .text               c_w.l(exit.o)
    0x08000610   0x08000610   0x00000008   Code   RO         3928    .text               c_w.l(libspace.o)
    0x08000618   0x08000618   0x00000004   Code   RO          156    i.BusFault_Handler  stm32f10x_it.o
    0x0800061c   0x0800061c   0x00000002   Code   RO          157    i.DebugMon_Handler  stm32f10x_it.o
    0x0800061e   0x0800061e   0x00000116   Code   RO         1436    i.GPIO_Init         stm32f10x_gpio.o
    0x08000734   0x08000734   0x00000004   Code   RO         1443    i.GPIO_ResetBits    stm32f10x_gpio.o
    0x08000738   0x08000738   0x00000004   Code   RO         1444    i.GPIO_SetBits      stm32f10x_gpio.o
    0x0800073c   0x0800073c   0x00000004   Code   RO          158    i.HardFault_Handler  stm32f10x_it.o
    0x08000740   0x08000740   0x00000068   Code   RO         3350    i.LED_Init          led.o
    0x080007a8   0x080007a8   0x00000004   Code   RO          159    i.MemManage_Handler  stm32f10x_it.o
    0x080007ac   0x080007ac   0x00000002   Code   RO          160    i.NMI_Handler       stm32f10x_it.o
    0x080007ae   0x080007ae   0x00000002   PAD
    0x080007b0   0x080007b0   0x00000020   Code   RO         1854    i.RCC_APB2PeriphClockCmd  stm32f10x_rcc.o
    0x080007d0   0x080007d0   0x000000d4   Code   RO         1862    i.RCC_GetClocksFreq  stm32f10x_rcc.o
    0x080008a4   0x080008a4   0x00000002   Code   RO          161    i.SVC_Handler       stm32f10x_it.o
    0x080008a6   0x080008a6   0x00000008   Code   RO          233    i.SetSysClock       system_stm32f10x.o
    0x080008ae   0x080008ae   0x00000002   PAD
    0x080008b0   0x080008b0   0x000000e0   Code   RO          234    i.SetSysClockTo72   system_stm32f10x.o
    0x08000990   0x08000990   0x00000010   Code   RO            1    i.SysTick_Handler   main.o
    0x080009a0   0x080009a0   0x00000060   Code   RO          236    i.SystemInit        system_stm32f10x.o
    0x08000a00   0x08000a00   0x00000088   Code   RO         3309    i.USART1_IRQHandler  usart.o
    0x08000a88   0x08000a88   0x00000018   Code   RO         3022    i.USART_Cmd         stm32f10x_usart.o
    0x08000aa0   0x08000aa0   0x0000001a   Code   RO         3025    i.USART_GetFlagStatus  stm32f10x_usart.o
    0x08000aba   0x08000aba   0x00000054   Code   RO         3026    i.USART_GetITStatus  stm32f10x_usart.o
    0x08000b0e   0x08000b0e   0x00000002   PAD
    0x08000b10   0x08000b10   0x000000d8   Code   RO         3029    i.USART_Init        stm32f10x_usart.o
    0x08000be8   0x08000be8   0x0000000a   Code   RO         3036    i.USART_ReceiveData  stm32f10x_usart.o
    0x08000bf2   0x08000bf2   0x00000004   Code   RO          162    i.UsageFault_Handler  stm32f10x_it.o
    0x08000bf6   0x08000bf6   0x0000001c   Code   RO         3545    i.__ky_ffs          kservice.o
    0x08000c12   0x08000c12   0x00000042   Code   RO         3651    i._ky_timer_init    timer.o
    0x08000c54   0x08000c54   0x0000002e   Code   RO         3652    i._ky_timer_remove  timer.o
    0x08000c82   0x08000c82   0x00000006   Code   RO         3310    i._sys_exit         usart.o
    0x08000c88   0x08000c88   0x00000014   Code   RO         3797    i.cmd_clear         cmd.o
    0x08000c9c   0x08000c9c   0x0000004c   Code   RO         3798    i.cmd_cpu           cmd.o
    0x08000ce8   0x08000ce8   0x00000048   Code   RO         3738    i.cmd_list_add      shell.o
    0x08000d30   0x08000d30   0x00000030   Code   RO         3799    i.cmd_ps            cmd.o
    0x08000d60   0x08000d60   0x0000000a   Code   RO         3800    i.cmd_version       cmd.o
    0x08000d6a   0x08000d6a   0x00000002   PAD
    0x08000d6c   0x08000d6c   0x0000001c   Code   RO         3311    i.fputc             usart.o
    0x08000d88   0x08000d88   0x00000040   Code   RO         3366    i.ky_hw_stack_init  hw_settings.o
    0x08000dc8   0x08000dc8   0x00000020   Code   RO         3626    i.ky_interrupt_enter  irq.o
    0x08000de8   0x08000de8   0x00000020   Code   RO         3627    i.ky_interrupt_leave  irq.o
    0x08000e08   0x08000e08   0x00000006   Code   RO         3653    i.ky_list_init      timer.o
    0x08000e0e   0x08000e0e   0x00000012   Code   RO         3385    i.ky_list_remove    thread.o
    0x08000e20   0x08000e20   0x00000060   Code   RO         3470    i.ky_schedule       scheduler.o
    0x08000e80   0x08000e80   0x00000048   Code   RO         3471    i.ky_schedule_insert_thread  scheduler.o
    0x08000ec8   0x08000ec8   0x00000054   Code   RO         3472    i.ky_schedule_remove_thread  scheduler.o
    0x08000f1c   0x08000f1c   0x00000040   Code   RO         3739    i.ky_shell_init     shell.o
    0x08000f5c   0x08000f5c   0x0000003c   Code   RO         3473    i.ky_system_schedule_init  scheduler.o
    0x08000f98   0x08000f98   0x00000030   Code   RO         3474    i.ky_system_schedule_start  scheduler.o
    0x08000fc8   0x08000fc8   0x0000001c   Code   RO         3654    i.ky_system_timer_init  timer.o
    0x08000fe4   0x08000fe4   0x0000000c   Code   RO         3386    i.ky_thread_delay   thread.o
    0x08000ff0   0x08000ff0   0x0000000c   Code   RO         3387    i.ky_thread_delay_ms  thread.o
    0x08000ffc   0x08000ffc   0x00000012   Code   RO         3388    i.ky_thread_delay_s  thread.o
    0x0800100e   0x0800100e   0x00000002   PAD
    0x08001010   0x08001010   0x00000014   Code   RO         3573    i.ky_thread_idle_entry  idle.o
    0x08001024   0x08001024   0x0000003c   Code   RO         3574    i.ky_thread_idle_init  idle.o
    0x08001060   0x08001060   0x00000074   Code   RO         3389    i.ky_thread_init    thread.o
    0x080010d4   0x080010d4   0x00000034   Code   RO         3390    i.ky_thread_resume  thread.o
    0x08001108   0x08001108   0x0000000c   Code   RO         3391    i.ky_thread_self    thread.o
    0x08001114   0x08001114   0x00000038   Code   RO         3392    i.ky_thread_sleep   thread.o
    0x0800114c   0x0800114c   0x0000002c   Code   RO         3393    i.ky_thread_startup  thread.o
    0x08001178   0x08001178   0x0000003a   Code   RO         3394    i.ky_thread_suspend  thread.o
    0x080011b2   0x080011b2   0x00000020   Code   RO         3395    i.ky_thread_timeout  thread.o
    0x080011d2   0x080011d2   0x00000002   PAD
    0x080011d4   0x080011d4   0x00000064   Code   RO         3396    i.ky_thread_yeild   thread.o
    0x08001238   0x08001238   0x0000000c   Code   RO         3600    i.ky_tick_get       clock.o
    0x08001244   0x08001244   0x00000030   Code   RO         3601    i.ky_tick_increase  clock.o
    0x08001274   0x08001274   0x00000084   Code   RO         3655    i.ky_timer_check    timer.o
    0x080012f8   0x080012f8   0x00000038   Code   RO         3656    i.ky_timer_control  timer.o
    0x08001330   0x08001330   0x00000024   Code   RO         3657    i.ky_timer_init     timer.o
    0x08001354   0x08001354   0x000000d4   Code   RO         3658    i.ky_timer_start    timer.o
    0x08001428   0x08001428   0x00000030   Code   RO         3659    i.ky_timer_stop     timer.o
    0x08001458   0x08001458   0x00000084   Code   RO         3718    i.kythread_startup  components.o
    0x080014dc   0x080014dc   0x0000007c   Code   RO            2    i.main              main.o
    0x08001558   0x08001558   0x0000001c   Code   RO         3740    i.my_strcmp         shell.o
    0x08001574   0x08001574   0x00000040   Code   RO         3741    i.shell_getchar     shell.o
    0x080015b4   0x080015b4   0x0000008c   Code   RO         3742    i.shell_match       shell.o
    0x08001640   0x08001640   0x0000013c   Code   RO         3743    i.shell_thread_entry  shell.o
    0x0800177c   0x0800177c   0x000000ac   Code   RO         3547    i.show_version      kservice.o
    0x08001828   0x08001828   0x0000005c   Code   RO         3744    i.system_cmd_init   shell.o
    0x08001884   0x08001884   0x00000038   Code   RO            3    i.test1_thread_entry  main.o
    0x080018bc   0x080018bc   0x00000038   Code   RO            4    i.test2_thread_entry  main.o
    0x080018f4   0x080018f4   0x00000078   Code   RO         3312    i.uart_init         usart.o
    0x0800196c   0x0800196c   0x00000026   Code   RO         3876    x$fpl$ffltu         fz_ws.l(fflt_clz.o)
    0x08001992   0x08001992   0x00000000   Code   RO         3894    x$fpl$usenofp       fz_ws.l(usenofp.o)
    0x08001992   0x08001992   0x00000002   PAD
    0x08001994   0x08001994   0x00000020   Data   RO         4051    Region$$Table       anon$$obj.o


    Execution Region RW_IRAM1 (Exec base: 0x20000000, Load base: 0x080019b4, Size: 0x00002110, Max: 0x00005000, ABSOLUTE)

    Exec Addr    Load Addr    Size         Type   Attr      Idx    E Section Name        Object

    0x20000000   0x080019b4   0x00000003   Data   RW            6    .data               main.o
    0x20000003   0x080019b7   0x00000001   PAD
    0x20000004   0x080019b8   0x00000014   Data   RW          237    .data               system_stm32f10x.o
    0x20000018   0x080019cc   0x00000014   Data   RW         1882    .data               stm32f10x_rcc.o
    0x2000002c   0x080019e0   0x00000006   Data   RW         3314    .data               usart.o
    0x20000032   0x080019e6   0x00000002   PAD
    0x20000034   0x080019e8   0x0000000c   Data   RW         3367    .data               hw_settings.o
    0x20000040   0x080019f4   0x0000000c   Data   RW         3476    .data               scheduler.o
    0x2000004c   0x08001a00   0x00000004   Data   RW         3576    .data               idle.o
    0x20000050   0x08001a04   0x00000004   Data   RW         3602    .data               clock.o
    0x20000054   0x08001a08   0x00000001   Data   RW         3628    .data               irq.o
    0x20000055   0x08001a09   0x00000003   PAD
    0x20000058   0x08001a0c   0x0000000c   Data   RW         3660    .data               timer.o
    0x20000064   0x08001a18   0x00000008   Data   RW         3746    .data               shell.o
    0x2000006c        -       0x000004e0   Zero   RW            5    .bss                main.o
    0x2000054c        -       0x000000c8   Zero   RW         3313    .bss                usart.o
    0x20000614        -       0x00000100   Zero   RW         3475    .bss                scheduler.o
    0x20000714        -       0x00000270   Zero   RW         3575    .bss                idle.o
    0x20000984        -       0x0000112c   Zero   RW         3745    .bss                shell.o
    0x20001ab0        -       0x00000060   Zero   RW         3929    .bss                c_w.l(libspace.o)
    0x20001b10        -       0x00000200   Zero   RW          279    HEAP                startup_stm32f10x_md.o
    0x20001d10        -       0x00000400   Zero   RW          278    STACK               startup_stm32f10x_md.o


==============================================================================

Image component sizes


      Code (inc. data)   RO Data    RW Data    ZI Data      Debug   Object Name

        60         12          0          4          0       1135   clock.o
       154         38          0          0          0       2185   cmd.o
       132         12          0          0          0      15746   components.o
       176         22          0          0          0        636   context_rvds.o
         0          0          0          0          0         32   core_cm3.o
        64          6          0         12          0       1925   hw_settings.o
        80         26          0          4        624       1743   idle.o
        64         12          0          1          0       1553   irq.o
       200        126          0          0          0       1030   kservice.o
       104          8          0          0          0        483   led.o
       252         58          0          3       1248     236326   main.o
       360         62          0         12        256       4858   scheduler.o
       776        156          0          8       4396       5699   shell.o
        64         26        236          0       1536        788   startup_stm32f10x_md.o
       286          0          0          0          0       3088   stm32f10x_gpio.o
        22          0          0          0          0       2767   stm32f10x_it.o
       244         26          0         20          0       3921   stm32f10x_rcc.o
       360          6          0          0          0       4803   stm32f10x_usart.o
       328         28          0         20          0       2121   system_stm32f10x.o
       530         24          0          0          0       7612   thread.o
       630         18          0         12          0       7249   timer.o
       290         26          0          6        200       4124   usart.o

    ----------------------------------------------------------------------
      5188        692        268        108       8260     309824   Object Totals
         0          0         32          0          0          0   (incl. Generated)
        12          0          0          6          0          0   (incl. Padding)

    ----------------------------------------------------------------------

      Code (inc. data)   RO Data    RW Data    ZI Data      Debug   Library Member Name

         8          0          0          0          0         68   __main.o
       104          0          0          0          0         84   __printf.o
         0          0          0          0          0          0   __rtentry.o
        12          0          0          0          0          0   __rtentry2.o
         6          0          0          0          0          0   __rtentry4.o
        52          8          0          0          0          0   __scatter.o
        26          0          0          0          0          0   __scatter_copy.o
        28          0          0          0          0          0   __scatter_zi.o
         6          0          0          0          0          0   _printf_c.o
        44          0          0          0          0        108   _printf_char.o
        48          6          0          0          0         96   _printf_char_common.o
        36          4          0          0          0         80   _printf_char_file.o
         6          0          0          0          0          0   _printf_d.o
       120         16          0          0          0         92   _printf_dec.o
       178          0          0          0          0         88   _printf_intcommon.o
         0          0          0          0          0          0   _printf_percent.o
         4          0          0          0          0          0   _printf_percent_end.o
         6          0          0          0          0          0   _printf_s.o
        82          0          0          0          0         80   _printf_str.o
        18          0          0          0          0         80   exit.o
         8          0          0          0          0         68   ferror.o
         6          0          0          0          0        152   heapauxi.o
         2          0          0          0          0          0   libinit.o
         2          0          0          0          0          0   libinit2.o
         2          0          0          0          0          0   libshutdown.o
         2          0          0          0          0          0   libshutdown2.o
         8          4          0          0         96         68   libspace.o
        24          4          0          0          0         84   noretval__2printf.o
        68          0          0          0          0         68   rt_memclr.o
        78          0          0          0          0         80   rt_memclr_w.o
         2          0          0          0          0          0   rtexit.o
        10          0          0          0          0          0   rtexit2.o
        74          0          0          0          0         80   sys_stackheap_outer.o
         2          0          0          0          0         68   use_no_semi.o
         2          0          0          0          0         68   use_no_semi_2.o
        38          0          0          0          0         68   fflt_clz.o
         0          0          0          0          0          0   usenofp.o

    ----------------------------------------------------------------------
      1124         42          0          0         96       1580   Library Totals
        12          0          0          0          0          0   (incl. Padding)

    ----------------------------------------------------------------------

      Code (inc. data)   RO Data    RW Data    ZI Data      Debug   Library Name

      1074         42          0          0         96       1512   c_w.l
        38          0          0          0          0         68   fz_ws.l

    ----------------------------------------------------------------------
      1124         42          0          0         96       1580   Library Totals

    ----------------------------------------------------------------------

==============================================================================


      Code (inc. data)   RO Data    RW Data    ZI Data      Debug   

      6312        734        268        108       8356     306876   Grand Totals
      6312        734        268        108       8356     306876   ELF Image Totals
      6312        734        268        108          0          0   ROM Totals

==============================================================================

    Total RO  Size (Code + RO Data)                 6580 (   6.43kB)
    Total RW  Size (RW Data + ZI Data)              8464 (   8.27kB)
    Total ROM Size (Code + RO Data + RW Data)       6688 (   6.53kB)

==============================================================================

