<html>
<body>
<pre>
<h1>µVision Build Log</h1>
<h2>Tool Versions:</h2>
IDE-Version: ¶ÃVision V5.27.1.0
Copyright (C) 2019 ARM Ltd and ARM Germany GmbH. All rights reserved.
License Information: 111 1239625475@qq.com, 111, LIC=9WSKC-7HRPZ-63WMB-2BISP-SH4E2-QL8L2
 
Tool Versions:
Toolchain:       MDK-ARM Plus  Version: 5.27.1.0
Toolchain Path:  D:\keil\ARM\ARMCC\Bin
C Compiler:      Armcc.exe V5.06 update 6 (build 750)
Assembler:       Armasm.exe V5.06 update 6 (build 750)
Linker/Locator:  ArmLink.exe V5.06 update 6 (build 750)
Library Manager: ArmAr.exe V5.06 update 6 (build 750)
Hex Converter:   FromElf.exe V5.06 update 6 (build 750)
CPU DLL:         SARMCM3.DLL V5.27.1.0
Dialog DLL:      DARMSTM.DLL V1.68.0.0
Target DLL:      STLink\ST-LINKIII-KEIL_SWO.dll V3.0.6.0
Dialog DLL:      TCM.DLL V1.36.1.0
 
<h2>Project:</h2>
C:\Users\12396\Desktop\—ßœ∞\«∂»Î Ω\ky-thread\USER\Template.uvprojx
Project File Date:  09/26/2024

<h2>Output:</h2>
*** Using Compiler 'V5.06 update 6 (build 750)', folder: 'D:\keil\ARM\ARMCC\Bin'
Build target 'Template'
compiling main.c...
..\ky-thread\include\kyconfig.h(27): warning:  #1-D: last line of file ends without a newline
  #endif
..\ky-thread\components\ipc\include\ringbuffer.h(32): warning:  #1-D: last line of file ends without a newline
  #endif
..\ky-thread\include\thread.h(59): warning:  #1295-D: Deprecated declaration ky_system_timer_init - give arg types
  void ky_system_timer_init();									 
..\ky-thread\components\shell\cmd.h(10): warning:  #1-D: last line of file ends without a newline
  #endif
main.c(89): warning:  #167-D: argument of type "void (*)()" is incompatible with parameter of type "void (*)(void *)"
  									test1_thread_entry,
main.c(99): warning:  #167-D: argument of type "void (*)()" is incompatible with parameter of type "void (*)(void *)"
  									test2_thread_entry,
main.c(109): warning:  #167-D: argument of type "void (*)()" is incompatible with parameter of type "void (*)(void *)"
  									test3_thread_entry,
main.c(119): warning:  #167-D: argument of type "void (*)()" is incompatible with parameter of type "void (*)(void *)"
  									test4_thread_entry,
main.c(23): warning:  #177-D: variable "sem"  was declared but never referenced
  static ky_sem_t sem = KY_NULL;
main.c: 9 warnings, 0 errors
linking...
Program Size: Code=9084 RO-data=288 RW-data=132 ZI-data=11612  
FromELF: creating hex file...
"..\OBJ\Template.axf" - 0 Error(s), 9 Warning(s).

<h2>Software Packages used:</h2>

Package Vendor: Keil
                http://www.keil.com/pack/Keil.STM32F1xx_DFP.1.0.5.pack
                Keil.STM32F1xx_DFP.1.0.5
                STMicroelectronics STM32F1 Series Device Support, Drivers and Examples

<h2>Collection of Component include folders:</h2>
  .\RTE\_Template
  D:\keil\Keil\STM32F1xx_DFP\1.0.5\Device\Include

<h2>Collection of Component Files used:</h2>
Build Time Elapsed:  00:00:02
</pre>
</body>
</html>
