<html>
<body>
<pre>
<h1>µVision Build Log</h1>
<h2>Tool Versions:</h2>
IDE-Version: ¶ÃVision V5.27.1.0
Copyright (C) 2019 ARM Ltd and ARM Germany GmbH. All rights reserved.
License Information: 111 1239625475@qq.com, 111, LIC=9WSKC-7HRPZ-63WMB-2BISP-SH4E2-QL8L2
 
Tool Versions:
Toolchain:       MDK-ARM Plus  Version: 5.27.1.0
Toolchain Path:  D:\keil\ARM\ARMCC\Bin
C Compiler:      Armcc.exe V5.06 update 6 (build 750)
Assembler:       Armasm.exe V5.06 update 6 (build 750)
Linker/Locator:  ArmLink.exe V5.06 update 6 (build 750)
Library Manager: ArmAr.exe V5.06 update 6 (build 750)
Hex Converter:   FromElf.exe V5.06 update 6 (build 750)
CPU DLL:         SARMCM3.DLL V5.27.1.0
Dialog DLL:      DARMSTM.DLL V1.68.0.0
Target DLL:      UL2CM3.DLL V1.162.15.0
Dialog DLL:      TCM.DLL V1.36.1.0
 
<h2>Project:</h2>
C:\Users\12396\Desktop\—ßœ∞\«∂»Î Ω\os\USER\Template.uvprojx
Project File Date:  09/03/2024

<h2>Output:</h2>
*** Using Compiler 'V5.06 update 6 (build 750)', folder: 'D:\keil\ARM\ARMCC\Bin'
Rebuild target 'Template'
assembling startup_stm32f10x_md.s...
compiling core_cm3.c...
compiling stm32f10x_dma.c...
compiling stm32f10x_it.c...
compiling stm32f10x_cec.c...
compiling stm32f10x_dbgmcu.c...
compiling misc.c...
compiling system_stm32f10x.c...
compiling stm32f10x_bkp.c...
compiling stm32f10x_exti.c...
compiling stm32f10x_can.c...
compiling main.c...
..\..\os\kyconfig.h(11): warning:  #1-D: last line of file ends without a newline
  #endif
main.c(54): warning:  #167-D: argument of type "void (*)()" is incompatible with parameter of type "void (*)(void *)"
  									test1_thread_entry,
main.c(65): warning:  #167-D: argument of type "void (*)()" is incompatible with parameter of type "void (*)(void *)"
  									test2_thread_entry,
main.c: 3 warnings, 0 errors
compiling stm32f10x_crc.c...
compiling stm32f10x_dac.c...
compiling stm32f10x_adc.c...
compiling stm32f10x_flash.c...
compiling stm32f10x_iwdg.c...
compiling stm32f10x_fsmc.c...
compiling stm32f10x_i2c.c...
compiling stm32f10x_pwr.c...
compiling stm32f10x_spi.c...
compiling stm32f10x_gpio.c...
compiling stm32f10x_rcc.c...
compiling stm32f10x_rtc.c...
compiling stm32f10x_sdio.c...
compiling stm32f10x_usart.c...
compiling stm32f10x_wwdg.c...
compiling usart.c...
..\SYSTEM\usart\usart.c(48): warning:  #260-D: explicit type is missing ("int" assumed)
  _sys_exit(int x) 
..\SYSTEM\usart\usart.c: 1 warning, 0 errors
compiling delay.c...
compiling stm32f10x_tim.c...
compiling sys.c...
assembling context_rvds.s...
compiling thread.c...
..\..\os\kyconfig.h(11): warning:  #1-D: last line of file ends without a newline
  #endif
..\ky-thread\src\thread.c(29): warning:  #1254-D: arithmetic on pointer to void or function type
  														 thread->stack_addr+thread->stack_size-4);
..\ky-thread\src\thread.c(29): warning:  #1254-D: arithmetic on pointer to void or function type
  														 thread->stack_addr+thread->stack_size-4);
..\ky-thread\src\thread.c(116): warning:  #1-D: last line of file ends without a newline
  }
..\ky-thread\src\thread.c: 4 warnings, 0 errors
compiling kservice.c...
..\..\os\kyconfig.h(11): warning:  #1-D: last line of file ends without a newline
  #endif
..\ky-thread\src\kservice.c(34): warning:  #1-D: last line of file ends without a newline
  }
..\ky-thread\src\kservice.c: 2 warnings, 0 errors
compiling scheduler.c...
..\..\os\kyconfig.h(11): warning:  #1-D: last line of file ends without a newline
  #endif
..\ky-thread\src\scheduler.c(204): warning:  #1-D: last line of file ends without a newline
  }
..\ky-thread\src\scheduler.c: 2 warnings, 0 errors
compiling hw_settings.c...
..\..\os\kyconfig.h(11): warning:  #1-D: last line of file ends without a newline
  #endif
..\ky-thread\libcpu\hw_settings.c(68): warning:  #1-D: last line of file ends without a newline
  }
..\ky-thread\libcpu\hw_settings.c: 2 warnings, 0 errors
compiling object.c...
..\..\os\kyconfig.h(11): warning:  #1-D: last line of file ends without a newline
  #endif
..\ky-thread\src\object.c: 1 warning, 0 errors
compiling idle.c...
..\..\os\kyconfig.h(11): warning:  #1-D: last line of file ends without a newline
  #endif
..\ky-thread\src\idle.c(34): warning:  #1-D: last line of file ends without a newline
  }
..\ky-thread\src\idle.c: 2 warnings, 0 errors
compiling irq.c...
..\..\os\kyconfig.h(11): warning:  #1-D: last line of file ends without a newline
  #endif
..\ky-thread\src\irq.c(25): warning:  #1-D: last line of file ends without a newline
  } 
..\ky-thread\src\irq.c: 2 warnings, 0 errors
compiling clock.c...
..\..\os\kyconfig.h(11): warning:  #1-D: last line of file ends without a newline
  #endif
..\ky-thread\src\clock.c(44): warning:  #1-D: last line of file ends without a newline
  }
..\ky-thread\src\clock.c: 2 warnings, 0 errors
linking...
Program Size: Code=2420 RO-data=268 RW-data=100 ZI-data=3828  
FromELF: creating hex file...
"..\OBJ\Template.axf" - 0 Error(s), 21 Warning(s).

<h2>Software Packages used:</h2>

Package Vendor: Keil
                http://www.keil.com/pack/Keil.STM32F1xx_DFP.1.0.5.pack
                Keil.STM32F1xx_DFP.1.0.5
                STMicroelectronics STM32F1 Series Device Support, Drivers and Examples

<h2>Collection of Component include folders:</h2>
  .\RTE\_Template
  D:\keil\Keil\STM32F1xx_DFP\1.0.5\Device\Include

<h2>Collection of Component Files used:</h2>
Build Time Elapsed:  00:00:04
</pre>
</body>
</html>
