<html>
<body>
<pre>
<h1>µVision Build Log</h1>
<h2>Tool Versions:</h2>
IDE-Version: ¶ÃVision V5.27.1.0
Copyright (C) 2019 ARM Ltd and ARM Germany GmbH. All rights reserved.
License Information: 111 1239625475@qq.com, 111, LIC=9WSKC-7HRPZ-63WMB-2BISP-SH4E2-QL8L2
 
Tool Versions:
Toolchain:       MDK-ARM Plus  Version: 5.27.1.0
Toolchain Path:  D:\keil\ARM\ARMCC\Bin
C Compiler:      Armcc.exe V5.06 update 6 (build 750)
Assembler:       Armasm.exe V5.06 update 6 (build 750)
Linker/Locator:  ArmLink.exe V5.06 update 6 (build 750)
Library Manager: ArmAr.exe V5.06 update 6 (build 750)
Hex Converter:   FromElf.exe V5.06 update 6 (build 750)
CPU DLL:         SARMCM3.DLL V5.27.1.0
Dialog DLL:      DCM.DLL V1.17.2.0
Target DLL:      STLink\ST-LINKIII-KEIL_SWO.dll V3.0.6.0
Dialog DLL:      TCM.DLL V1.36.1.0
 
<h2>Project:</h2>
C:\Users\12396\Desktop\—ßœ∞\«∂»Î Ω\os\USER\Template.uvprojx
Project File Date:  09/16/2024

<h2>Output:</h2>
*** Using Compiler 'V5.06 update 6 (build 750)', folder: 'D:\keil\ARM\ARMCC\Bin'
Rebuild target 'Template'
assembling startup_stm32f10x_md.s...
compiling core_cm3.c...
compiling stm32f10x_dbgmcu.c...
compiling stm32f10x_bkp.c...
compiling stm32f10x_exti.c...
compiling stm32f10x_it.c...
compiling stm32f10x_crc.c...
compiling stm32f10x_dac.c...
compiling stm32f10x_cec.c...
compiling misc.c...
compiling system_stm32f10x.c...
compiling stm32f10x_dma.c...
compiling stm32f10x_adc.c...
compiling main.c...
..\..\os\kyconfig.h(19): warning:  #1-D: last line of file ends without a newline
  #endif
..\ky-thread\include\thread.h(60): warning:  #1295-D: Deprecated declaration ky_system_timer_init - give arg types
  void ky_system_timer_init();									 
main.c(77): warning:  #167-D: argument of type "void (*)()" is incompatible with parameter of type "void (*)(void *)"
  									test1_thread_entry,
main.c(87): warning:  #167-D: argument of type "void (*)()" is incompatible with parameter of type "void (*)(void *)"
  									test2_thread_entry,
main.c: 4 warnings, 0 errors
compiling stm32f10x_can.c...
compiling stm32f10x_flash.c...
compiling stm32f10x_gpio.c...
compiling stm32f10x_fsmc.c...
compiling stm32f10x_iwdg.c...
compiling stm32f10x_i2c.c...
compiling stm32f10x_pwr.c...
compiling stm32f10x_rcc.c...
compiling stm32f10x_rtc.c...
compiling stm32f10x_sdio.c...
compiling stm32f10x_spi.c...
compiling stm32f10x_usart.c...
compiling stm32f10x_wwdg.c...
compiling stm32f10x_tim.c...
compiling delay.c...
assembling context_rvds.s...
compiling usart.c...
..\SYSTEM\usart\usart.c(48): warning:  #260-D: explicit type is missing ("int" assumed)
  _sys_exit(int x) 
..\SYSTEM\usart\usart.c(93): warning:  #177-D: variable "NVIC_InitStructure"  was declared but never referenced
  	NVIC_InitTypeDef NVIC_InitStructure;
..\SYSTEM\usart\usart.c: 2 warnings, 0 errors
compiling led.c...
..\Hardware\led.c(24): warning:  #1-D: last line of file ends without a newline
  }
..\Hardware\led.c: 1 warning, 0 errors
compiling hw_settings.c...
..\..\os\kyconfig.h(19): warning:  #1-D: last line of file ends without a newline
  #endif
..\ky-thread\include\thread.h(60): warning:  #1295-D: Deprecated declaration ky_system_timer_init - give arg types
  void ky_system_timer_init();									 
..\ky-thread\libcpu\hw_settings.c(68): warning:  #1-D: last line of file ends without a newline
  }
..\ky-thread\libcpu\hw_settings.c: 3 warnings, 0 errors
compiling sys.c...
compiling thread.c...
..\..\os\kyconfig.h(19): warning:  #1-D: last line of file ends without a newline
  #endif
..\ky-thread\include\thread.h(60): warning:  #1295-D: Deprecated declaration ky_system_timer_init - give arg types
  void ky_system_timer_init();									 
..\ky-thread\src\thread.c(106): warning:  #940-D: missing return statement at end of non-void function "ky_thread_sleep" 
  }
..\ky-thread\src\thread.c(218): warning:  #1-D: last line of file ends without a newline
  }
..\ky-thread\src\thread.c: 4 warnings, 0 errors
compiling scheduler.c...
..\..\os\kyconfig.h(19): warning:  #1-D: last line of file ends without a newline
  #endif
..\ky-thread\include\thread.h(60): warning:  #1295-D: Deprecated declaration ky_system_timer_init - give arg types
  void ky_system_timer_init();									 
..\ky-thread\src\scheduler.c(204): warning:  #1-D: last line of file ends without a newline
  }
..\ky-thread\src\scheduler.c: 3 warnings, 0 errors
compiling object.c...
..\..\os\kyconfig.h(19): warning:  #1-D: last line of file ends without a newline
  #endif
..\ky-thread\include\thread.h(60): warning:  #1295-D: Deprecated declaration ky_system_timer_init - give arg types
  void ky_system_timer_init();									 
..\ky-thread\src\object.c: 2 warnings, 0 errors
compiling kservice.c...
..\..\os\kyconfig.h(19): warning:  #1-D: last line of file ends without a newline
  #endif
..\ky-thread\include\thread.h(60): warning:  #1295-D: Deprecated declaration ky_system_timer_init - give arg types
  void ky_system_timer_init();									 
..\ky-thread\src\kservice.c(34): warning:  #1-D: last line of file ends without a newline
  }
..\ky-thread\src\kservice.c: 3 warnings, 0 errors
compiling idle.c...
..\..\os\kyconfig.h(19): warning:  #1-D: last line of file ends without a newline
  #endif
..\ky-thread\include\thread.h(60): warning:  #1295-D: Deprecated declaration ky_system_timer_init - give arg types
  void ky_system_timer_init();									 
..\ky-thread\src\idle.c(35): warning:  #1-D: last line of file ends without a newline
  }
..\ky-thread\src\idle.c: 3 warnings, 0 errors
compiling clock.c...
..\..\os\kyconfig.h(19): warning:  #1-D: last line of file ends without a newline
  #endif
..\ky-thread\include\thread.h(60): warning:  #1295-D: Deprecated declaration ky_system_timer_init - give arg types
  void ky_system_timer_init();									 
..\ky-thread\src\clock.c(72): warning:  #1-D: last line of file ends without a newline
  }
..\ky-thread\src\clock.c: 3 warnings, 0 errors
compiling irq.c...
..\..\os\kyconfig.h(19): warning:  #1-D: last line of file ends without a newline
  #endif
..\ky-thread\include\thread.h(60): warning:  #1295-D: Deprecated declaration ky_system_timer_init - give arg types
  void ky_system_timer_init();									 
..\ky-thread\src\irq.c(25): warning:  #1-D: last line of file ends without a newline
  } 
..\ky-thread\src\irq.c: 3 warnings, 0 errors
compiling timer.c...
..\..\os\kyconfig.h(19): warning:  #1-D: last line of file ends without a newline
  #endif
..\ky-thread\include\thread.h(60): warning:  #1295-D: Deprecated declaration ky_system_timer_init - give arg types
  void ky_system_timer_init();									 
..\ky-thread\src\timer.c(114): warning:  #550-D: variable "tst_nr"  was set but never used
  		unsigned int tst_nr;
..\ky-thread\src\timer.c: 3 warnings, 0 errors
compiling components.c...
..\..\os\kyconfig.h(19): warning:  #1-D: last line of file ends without a newline
  #endif
..\ky-thread\include\thread.h(60): warning:  #1295-D: Deprecated declaration ky_system_timer_init - give arg types
  void ky_system_timer_init();									 
..\ky-thread\src\components.c(30): warning:  #1-D: last line of file ends without a newline
  }
..\ky-thread\src\components.c: 3 warnings, 0 errors
compiling shell.c...
..\..\os\kyconfig.h(19): warning:  #1-D: last line of file ends without a newline
  #endif
..\ky-thread\include\thread.h(60): warning:  #1295-D: Deprecated declaration ky_system_timer_init - give arg types
  void ky_system_timer_init();									 
..\ky-thread\components\shell\shell.c(77): warning:  #167-D: argument of type "void (*)()" is incompatible with parameter of type "void (*)(void *)"
  									shell_thread_entry,
..\ky-thread\components\shell\shell.c(87): warning:  #1-D: last line of file ends without a newline
  }
..\ky-thread\components\shell\shell.c: 4 warnings, 0 errors
linking...
Program Size: Code=5016 RO-data=268 RW-data=104 ZI-data=5544  
FromELF: creating hex file...
"..\OBJ\Template.axf" - 0 Error(s), 41 Warning(s).

<h2>Software Packages used:</h2>

Package Vendor: Keil
                http://www.keil.com/pack/Keil.STM32F1xx_DFP.1.0.5.pack
                Keil.STM32F1xx_DFP.1.0.5
                STMicroelectronics STM32F1 Series Device Support, Drivers and Examples

<h2>Collection of Component include folders:</h2>
  .\RTE\_Template
  D:\keil\Keil\STM32F1xx_DFP\1.0.5\Device\Include

<h2>Collection of Component Files used:</h2>
Build Time Elapsed:  00:00:05
</pre>
</body>
</html>
