<html>
<body>
<pre>
<h1>µVision Build Log</h1>
<h2>Tool Versions:</h2>
IDE-Version: ¶ÃVision V5.27.1.0
Copyright (C) 2019 ARM Ltd and ARM Germany GmbH. All rights reserved.
License Information: 111 1239625475@qq.com, 111, LIC=9WSKC-7HRPZ-63WMB-2BISP-SH4E2-QL8L2
 
Tool Versions:
Toolchain:       MDK-ARM Plus  Version: 5.27.1.0
Toolchain Path:  D:\keil\ARM\ARMCC\Bin
C Compiler:      Armcc.exe V5.06 update 6 (build 750)
Assembler:       Armasm.exe V5.06 update 6 (build 750)
Linker/Locator:  ArmLink.exe V5.06 update 6 (build 750)
Library Manager: ArmAr.exe V5.06 update 6 (build 750)
Hex Converter:   FromElf.exe V5.06 update 6 (build 750)
CPU DLL:         SARMCM3.DLL V5.27.1.0
Dialog DLL:      DARMSTM.DLL V1.68.0.0
Target DLL:      STLink\ST-LINKIII-KEIL_SWO.dll V3.0.6.0
Dialog DLL:      TCM.DLL V1.36.1.0
 
<h2>Project:</h2>
C:\Users\12396\Desktop\—ßœ∞\«∂»Î Ω\os\USER\Template.uvprojx
Project File Date:  08/31/2024

<h2>Output:</h2>
*** Using Compiler 'V5.06 update 6 (build 750)', folder: 'D:\keil\ARM\ARMCC\Bin'
Build target 'Template'
compiling scheduler.c...
..\..\os\kyconfig.h(9): warning:  #1-D: last line of file ends without a newline
  #endif
..\ky-thread\src\scheduler.c(75): warning:  #1-D: last line of file ends without a newline
  	
..\ky-thread\src\scheduler.c: 2 warnings, 0 errors
compiling hw_settings.c...
..\..\os\kyconfig.h(9): warning:  #1-D: last line of file ends without a newline
  #endif
..\ky-thread\libcpu\hw_settings.c(68): warning:  #1-D: last line of file ends without a newline
  }
..\ky-thread\libcpu\hw_settings.c: 2 warnings, 0 errors
compiling object.c...
..\..\os\kyconfig.h(9): warning:  #1-D: last line of file ends without a newline
  #endif
..\ky-thread\src\object.c(137): warning:  #1-D: last line of file ends without a newline
  };
..\ky-thread\src\object.c: 2 warnings, 0 errors
compiling thread.c...
..\..\os\kyconfig.h(9): warning:  #1-D: last line of file ends without a newline
  #endif
..\ky-thread\src\thread.c(23): warning:  #1254-D: arithmetic on pointer to void or function type
  														 thread->stack_addr+thread->stack_size-4);
..\ky-thread\src\thread.c(23): warning:  #1254-D: arithmetic on pointer to void or function type
  														 thread->stack_addr+thread->stack_size-4);
..\ky-thread\src\thread.c(26): warning:  #1-D: last line of file ends without a newline
  }
..\ky-thread\src\thread.c: 4 warnings, 0 errors
compiling main.c...
..\..\os\kyconfig.h(9): warning:  #1-D: last line of file ends without a newline
  #endif
main.c(26): warning:  #223-D: function "ky_scheduler" declared implicitly
  			ky_scheduler();
main.c(39): warning:  #223-D: function "ky_scheduler" declared implicitly
  			ky_scheduler();
main.c(49): warning:  #223-D: function "ky_system_scheduler_init" declared implicitly
  		ky_system_scheduler_init();
main.c(54): warning:  #167-D: argument of type "void (*)()" is incompatible with parameter of type "void (*)(void *)"
  									test1_thread_entry,
main.c(63): warning:  #167-D: argument of type "void (*)()" is incompatible with parameter of type "void (*)(void *)"
  									test2_thread_entry,
main.c(69): warning:  #223-D: function "ky_system_scheduler_start" declared implicitly
  		ky_system_scheduler_start();
main.c: 7 warnings, 0 errors
linking...
Program Size: Code=1756 RO-data=268 RW-data=52 ZI-data=3212  
FromELF: creating hex file...
"..\OBJ\Template.axf" - 0 Error(s), 17 Warning(s).

<h2>Software Packages used:</h2>

Package Vendor: Keil
                http://www.keil.com/pack/Keil.STM32F1xx_DFP.1.0.5.pack
                Keil.STM32F1xx_DFP.1.0.5
                STMicroelectronics STM32F1 Series Device Support, Drivers and Examples

<h2>Collection of Component include folders:</h2>
  .\RTE\_Template
  D:\keil\Keil\STM32F1xx_DFP\1.0.5\Device\Include

<h2>Collection of Component Files used:</h2>
Build Time Elapsed:  00:00:01
</pre>
</body>
</html>
