<html>
<body>
<pre>
<h1>µVision Build Log</h1>
<h2>Tool Versions:</h2>
IDE-Version: ¶ÃVision V5.27.1.0
Copyright (C) 2019 ARM Ltd and ARM Germany GmbH. All rights reserved.
License Information: 111 1239625475@qq.com, 111, LIC=9WSKC-7HRPZ-63WMB-2BISP-SH4E2-QL8L2
 
Tool Versions:
Toolchain:       MDK-ARM Plus  Version: 5.27.1.0
Toolchain Path:  D:\keil\ARM\ARMCC\Bin
C Compiler:      Armcc.exe V5.06 update 6 (build 750)
Assembler:       Armasm.exe V5.06 update 6 (build 750)
Linker/Locator:  ArmLink.exe V5.06 update 6 (build 750)
Library Manager: ArmAr.exe V5.06 update 6 (build 750)
Hex Converter:   FromElf.exe V5.06 update 6 (build 750)
CPU DLL:         SARMCM3.DLL V5.27.1.0
Dialog DLL:      DARMSTM.DLL V1.68.0.0
Target DLL:      STLink\ST-LINKIII-KEIL_SWO.dll V3.0.6.0
Dialog DLL:      TCM.DLL V1.36.1.0
 
<h2>Project:</h2>
C:\Users\12396\Desktop\—ßœ∞\«∂»Î Ω\ky-thread\USER\Template.uvprojx
Project File Date:  09/20/2024

<h2>Output:</h2>
*** Using Compiler 'V5.06 update 6 (build 750)', folder: 'D:\keil\ARM\ARMCC\Bin'
Build target 'Template'
compiling shell.c...
..\ky-thread\include\kyconfig.h(22): warning:  #1-D: last line of file ends without a newline
  #endif
..\ky-thread\components\ipc\include\ringbuffer.h(32): warning:  #1-D: last line of file ends without a newline
  #endif
..\ky-thread\include\thread.h(62): warning:  #1295-D: Deprecated declaration ky_system_timer_init - give arg types
  void ky_system_timer_init();									 
..\ky-thread\components\shell\shell.h(35): warning:  #1-D: last line of file ends without a newline
  #endif
..\ky-thread\components\shell\cmd.h(10): warning:  #1-D: last line of file ends without a newline
  #endif
..\ky-thread\components\shell\shell.c(20): warning:  #68-D: integer conversion resulted in a change of sign
  		char ch=-1;
..\ky-thread\components\shell\shell.c(39): warning:  #167-D: argument of type "char *" is incompatible with parameter of type "ky_uint8_t *"
  				ky_ringbuffer_getchar(&shell_ringbuffer,&ch);
..\ky-thread\components\shell\shell.c(140): warning:  #940-D: missing return statement at end of non-void function "shell_auto_complete" 
  }
..\ky-thread\components\shell\shell.c(261): warning:  #223-D: function "memcpy" declared implicitly
  						memcpy(&shell->history[shell->current_history],
..\ky-thread\components\shell\shell.c(267): warning:  #223-D: function "memset" declared implicitly
  						memset(shell->cmd,0,sizeof(shell->cmd));
..\ky-thread\components\shell\shell.c(326): warning:  #167-D: argument of type "void (*)()" is incompatible with parameter of type "void (*)(void *)"
  									shell_thread_entry,
..\ky-thread\components\shell\shell.c(336): warning:  #1-D: last line of file ends without a newline
  }
..\ky-thread\components\shell\shell.c: 12 warnings, 0 errors
linking...
Program Size: Code=8184 RO-data=288 RW-data=112 ZI-data=8552  
FromELF: creating hex file...
"..\OBJ\Template.axf" - 0 Error(s), 12 Warning(s).

<h2>Software Packages used:</h2>

Package Vendor: Keil
                http://www.keil.com/pack/Keil.STM32F1xx_DFP.1.0.5.pack
                Keil.STM32F1xx_DFP.1.0.5
                STMicroelectronics STM32F1 Series Device Support, Drivers and Examples

<h2>Collection of Component include folders:</h2>
  .\RTE\_Template
  D:\keil\Keil\STM32F1xx_DFP\1.0.5\Device\Include

<h2>Collection of Component Files used:</h2>
Build Time Elapsed:  00:00:02
</pre>
</body>
</html>
