<html>
<body>
<pre>
<h1>礦ision Build Log</h1>
<h2>Tool Versions:</h2>
IDE-Version: μVision V5.27.1.0
Copyright (C) 2019 ARM Ltd and ARM Germany GmbH. All rights reserved.
License Information: 111 1239625475@qq.com, 111, LIC=9WSKC-7HRPZ-63WMB-2BISP-SH4E2-QL8L2
 
Tool Versions:
Toolchain:       MDK-ARM Plus  Version: 5.27.1.0
Toolchain Path:  D:\keil\ARM\ARMCC\Bin
C Compiler:      Armcc.exe V5.06 update 6 (build 750)
Assembler:       Armasm.exe V5.06 update 6 (build 750)
Linker/Locator:  ArmLink.exe V5.06 update 6 (build 750)
Library Manager: ArmAr.exe V5.06 update 6 (build 750)
Hex Converter:   FromElf.exe V5.06 update 6 (build 750)
CPU DLL:         SARMCM3.DLL V5.27.1.0
Dialog DLL:      DCM.DLL V1.17.2.0
Target DLL:      STLink\ST-LINKIII-KEIL_SWO.dll V3.0.6.0
Dialog DLL:      TCM.DLL V1.36.1.0
 
<h2>Project:</h2>
C:\Users\12396\Desktop\学习\嵌入式\os - 副本\USER\Template.uvprojx
Project File Date:  09/16/2024

<h2>Output:</h2>
*** Using Compiler 'V5.06 update 6 (build 750)', folder: 'D:\keil\ARM\ARMCC\Bin'
Build target 'Template'
compiling thread.c...
..\ky-thread\include\kyconfig.h(12): warning:  #1-D: last line of file ends without a newline
  #endif
..\ky-thread\include\thread.h(60): warning:  #1295-D: Deprecated declaration ky_system_timer_init - give arg types
  void ky_system_timer_init();									 
..\ky-thread\src\thread.c(106): warning:  #940-D: missing return statement at end of non-void function "ky_thread_sleep" 
  }
..\ky-thread\src\thread.c(218): warning:  #1-D: last line of file ends without a newline
  }
..\ky-thread\src\thread.c: 4 warnings, 0 errors
compiling idle.c...
..\ky-thread\include\kyconfig.h(12): warning:  #1-D: last line of file ends without a newline
  #endif
..\ky-thread\include\thread.h(60): warning:  #1295-D: Deprecated declaration ky_system_timer_init - give arg types
  void ky_system_timer_init();									 
..\ky-thread\src\idle.c(35): warning:  #1-D: last line of file ends without a newline
  }
..\ky-thread\src\idle.c: 3 warnings, 0 errors
compiling main.c...
..\ky-thread\include\kyconfig.h(12): warning:  #1-D: last line of file ends without a newline
  #endif
..\ky-thread\include\thread.h(60): warning:  #1295-D: Deprecated declaration ky_system_timer_init - give arg types
  void ky_system_timer_init();									 
main.c(52): warning:  #167-D: argument of type "void (*)()" is incompatible with parameter of type "void (*)(void *)"
  									test1_thread_entry,
main.c(62): warning:  #167-D: argument of type "void (*)()" is incompatible with parameter of type "void (*)(void *)"
  									test2_thread_entry,
main.c: 4 warnings, 0 errors
compiling irq.c...
..\ky-thread\include\kyconfig.h(12): warning:  #1-D: last line of file ends without a newline
  #endif
..\ky-thread\include\thread.h(60): warning:  #1295-D: Deprecated declaration ky_system_timer_init - give arg types
  void ky_system_timer_init();									 
..\ky-thread\src\irq.c(25): warning:  #1-D: last line of file ends without a newline
  } 
..\ky-thread\src\irq.c: 3 warnings, 0 errors
compiling scheduler.c...
..\ky-thread\include\kyconfig.h(12): warning:  #1-D: last line of file ends without a newline
  #endif
..\ky-thread\include\thread.h(60): warning:  #1295-D: Deprecated declaration ky_system_timer_init - give arg types
  void ky_system_timer_init();									 
..\ky-thread\src\scheduler.c(204): warning:  #1-D: last line of file ends without a newline
  }
..\ky-thread\src\scheduler.c: 3 warnings, 0 errors
compiling hw_settings.c...
..\ky-thread\include\kyconfig.h(12): warning:  #1-D: last line of file ends without a newline
  #endif
..\ky-thread\include\thread.h(60): warning:  #1295-D: Deprecated declaration ky_system_timer_init - give arg types
  void ky_system_timer_init();									 
..\ky-thread\libcpu\Cotex-M3\hw_settings.c(68): warning:  #1-D: last line of file ends without a newline
  }
..\ky-thread\libcpu\Cotex-M3\hw_settings.c: 3 warnings, 0 errors
compiling kservice.c...
..\ky-thread\include\kyconfig.h(12): warning:  #1-D: last line of file ends without a newline
  #endif
..\ky-thread\include\thread.h(60): warning:  #1295-D: Deprecated declaration ky_system_timer_init - give arg types
  void ky_system_timer_init();									 
..\ky-thread\src\kservice.c(34): warning:  #1-D: last line of file ends without a newline
  }
..\ky-thread\src\kservice.c: 3 warnings, 0 errors
compiling clock.c...
..\ky-thread\include\kyconfig.h(12): warning:  #1-D: last line of file ends without a newline
  #endif
..\ky-thread\include\thread.h(60): warning:  #1295-D: Deprecated declaration ky_system_timer_init - give arg types
  void ky_system_timer_init();									 
..\ky-thread\src\clock.c(72): warning:  #1-D: last line of file ends without a newline
  }
..\ky-thread\src\clock.c: 3 warnings, 0 errors
compiling object.c...
..\ky-thread\include\kyconfig.h(12): warning:  #1-D: last line of file ends without a newline
  #endif
..\ky-thread\include\thread.h(60): warning:  #1295-D: Deprecated declaration ky_system_timer_init - give arg types
  void ky_system_timer_init();									 
..\ky-thread\src\object.c: 2 warnings, 0 errors
compiling components.c...
..\ky-thread\include\kyconfig.h(12): warning:  #1-D: last line of file ends without a newline
  #endif
..\ky-thread\include\thread.h(60): warning:  #1295-D: Deprecated declaration ky_system_timer_init - give arg types
  void ky_system_timer_init();									 
..\ky-thread\src\components.c(22): warning:  #1-D: last line of file ends without a newline
  }
..\ky-thread\src\components.c: 3 warnings, 0 errors
compiling timer.c...
..\ky-thread\include\kyconfig.h(12): warning:  #1-D: last line of file ends without a newline
  #endif
..\ky-thread\include\thread.h(60): warning:  #1295-D: Deprecated declaration ky_system_timer_init - give arg types
  void ky_system_timer_init();									 
..\ky-thread\src\timer.c(114): warning:  #550-D: variable "tst_nr"  was set but never used
  		unsigned int tst_nr;
..\ky-thread\src\timer.c: 3 warnings, 0 errors
linking...
Program Size: Code=3708 RO-data=268 RW-data=80 ZI-data=3976  
FromELF: creating hex file...
"..\OBJ\Template.axf" - 0 Error(s), 34 Warning(s).

<h2>Software Packages used:</h2>

Package Vendor: Keil
                http://www.keil.com/pack/Keil.STM32F1xx_DFP.1.0.5.pack
                Keil.STM32F1xx_DFP.1.0.5
                STMicroelectronics STM32F1 Series Device Support, Drivers and Examples

<h2>Collection of Component include folders:</h2>
  .\RTE\_Template
  D:\keil\Keil\STM32F1xx_DFP\1.0.5\Device\Include

<h2>Collection of Component Files used:</h2>
Build Time Elapsed:  00:00:03
</pre>
</body>
</html>
